# Logfile created on 2019-03-07 15:46:58 +0100 by logger.rb/v1.2.7
  INFO ---------------------------------------------------------------------------
  INFO START 2019-03-07 15:46:58 +0100 cap production deploy
  INFO ---------------------------------------------------------------------------
  INFO [250269fa] Running /usr/bin/env mkdir -p /tmp as poweruser@djangochat.srvz-webapp.he-arc.ch
 DEBUG [250269fa] Command: /usr/bin/env mkdir -p /tmp
  INFO [08258dce] Finished in 0.347 seconds with exit status 0 (successful).
 DEBUG Uploading /tmp/git-ssh-TalkAway-production-sergiy.sh 0.0%
  INFO Uploading /tmp/git-ssh-TalkAway-production-sergiy.sh 100.0%
  INFO [70ff09bc] Running /usr/bin/env chmod 700 /tmp/git-ssh-TalkAway-production-sergiy.sh as poweruser@djangochat.srvz-webapp.he-arc.ch
 DEBUG [70ff09bc] Command: /usr/bin/env chmod 700 /tmp/git-ssh-TalkAway-production-sergiy.sh
  INFO [15c4dc1b] Finished in 0.057 seconds with exit status 0 (successful).
  INFO [082a4c9d] Running /usr/bin/env git ls-remote git@https://github.com/HE-Arc/TalkAway HEAD as poweruser@djangochat.srvz-webapp.he-arc.ch
 DEBUG [082a4c9d] Command: ( export GIT_ASKPASS="/bin/echo" GIT_SSH="/tmp/git-ssh-TalkAway-production-sergiy.sh" ; /usr/bin/env git ls-remote git@https://github.com/HE-Arc/TalkAway HEAD )
 DEBUG [5b16125a] 	fatal: I don't handle protocol 'git@https'
  INFO ---------------------------------------------------------------------------
  INFO START 2019-03-07 15:47:53 +0100 cap production deploy
  INFO ---------------------------------------------------------------------------
  INFO [f90e54fb] Running /usr/bin/env mkdir -p /tmp as poweruser@djangochat.srvz-webapp.he-arc.ch
 DEBUG [f90e54fb] Command: /usr/bin/env mkdir -p /tmp
  INFO [bdc20c38] Finished in 0.235 seconds with exit status 0 (successful).
 DEBUG Uploading /tmp/git-ssh-TalkAway-production-sergiy.sh 0.0%
  INFO Uploading /tmp/git-ssh-TalkAway-production-sergiy.sh 100.0%
  INFO [835feac5] Running /usr/bin/env chmod 700 /tmp/git-ssh-TalkAway-production-sergiy.sh as poweruser@djangochat.srvz-webapp.he-arc.ch
 DEBUG [835feac5] Command: /usr/bin/env chmod 700 /tmp/git-ssh-TalkAway-production-sergiy.sh
  INFO [89cefdcc] Finished in 0.060 seconds with exit status 0 (successful).
  INFO [9967346a] Running /usr/bin/env git ls-remote git@github.com/HE-Arc/TalkAway HEAD as poweruser@djangochat.srvz-webapp.he-arc.ch
 DEBUG [9967346a] Command: ( export GIT_ASKPASS="/bin/echo" GIT_SSH="/tmp/git-ssh-TalkAway-production-sergiy.sh" ; /usr/bin/env git ls-remote git@github.com/HE-Arc/TalkAway HEAD )
 DEBUG [15b5d661] 	fatal: 'git@github.com/HE-Arc/TalkAway' does not appear to be a git repository
 DEBUG [15b5d661] 	fatal: Could not read from remote repository.

Please make sure you have the correct access rights
and the repository exists.
  INFO ---------------------------------------------------------------------------
  INFO START 2019-03-07 15:48:03 +0100 cap production deploy
  INFO ---------------------------------------------------------------------------
  INFO [3d7e7e3c] Running /usr/bin/env mkdir -p /tmp as poweruser@djangochat.srvz-webapp.he-arc.ch
 DEBUG [3d7e7e3c] Command: /usr/bin/env mkdir -p /tmp
  INFO [2ede8de1] Finished in 0.249 seconds with exit status 0 (successful).
 DEBUG Uploading /tmp/git-ssh-TalkAway-production-sergiy.sh 0.0%
  INFO Uploading /tmp/git-ssh-TalkAway-production-sergiy.sh 100.0%
  INFO [e0053278] Running /usr/bin/env chmod 700 /tmp/git-ssh-TalkAway-production-sergiy.sh as poweruser@djangochat.srvz-webapp.he-arc.ch
 DEBUG [e0053278] Command: /usr/bin/env chmod 700 /tmp/git-ssh-TalkAway-production-sergiy.sh
  INFO [bee80dd3] Finished in 0.058 seconds with exit status 0 (successful).
  INFO [1285d114] Running /usr/bin/env git ls-remote git@github.com/HE-Arc/TalkAway.git HEAD as poweruser@djangochat.srvz-webapp.he-arc.ch
 DEBUG [1285d114] Command: ( export GIT_ASKPASS="/bin/echo" GIT_SSH="/tmp/git-ssh-TalkAway-production-sergiy.sh" ; /usr/bin/env git ls-remote git@github.com/HE-Arc/TalkAway.git HEAD )
 DEBUG [a83a11c5] 	fatal: 'git@github.com/HE-Arc/TalkAway.git' does not appear to be a git repository
 DEBUG [a83a11c5] 	fatal: Could not read from remote repository.

Please make sure you have the correct access rights
and the repository exists.
  INFO ---------------------------------------------------------------------------
  INFO START 2019-03-07 15:50:51 +0100 cap production deploy
  INFO ---------------------------------------------------------------------------
  INFO [85e4006e] Running /usr/bin/env mkdir -p /tmp as poweruser@djangochat.srvz-webapp.he-arc.ch
 DEBUG [85e4006e] Command: /usr/bin/env mkdir -p /tmp
  INFO [0604da10] Finished in 0.236 seconds with exit status 0 (successful).
 DEBUG Uploading /tmp/git-ssh-TalkAway-production-sergiy.sh 0.0%
  INFO Uploading /tmp/git-ssh-TalkAway-production-sergiy.sh 100.0%
  INFO [1c83fa3e] Running /usr/bin/env chmod 700 /tmp/git-ssh-TalkAway-production-sergiy.sh as poweruser@djangochat.srvz-webapp.he-arc.ch
 DEBUG [1c83fa3e] Command: /usr/bin/env chmod 700 /tmp/git-ssh-TalkAway-production-sergiy.sh
  INFO [11e92b9d] Finished in 0.056 seconds with exit status 0 (successful).
  INFO [bb3ea16c] Running /usr/bin/env git ls-remote git@github.com/HE-Arc/TalkAway.git HEAD as poweruser@djangochat.srvz-webapp.he-arc.ch
 DEBUG [bb3ea16c] Command: ( export GIT_ASKPASS="/bin/echo" GIT_SSH="/tmp/git-ssh-TalkAway-production-sergiy.sh" ; /usr/bin/env git ls-remote git@github.com/HE-Arc/TalkAway.git HEAD )
 DEBUG [bb1950af] 	fatal: 'git@github.com/HE-Arc/TalkAway.git' does not appear to be a git repository
 DEBUG [bb1950af] 	fatal: Could not read from remote repository.

Please make sure you have the correct access rights
and the repository exists.
  INFO ---------------------------------------------------------------------------
  INFO START 2019-03-07 15:51:49 +0100 cap production deploy
  INFO ---------------------------------------------------------------------------
  INFO [8d499995] Running /usr/bin/env mkdir -p /tmp as poweruser@djangochat.srvz-webapp.he-arc.ch
 DEBUG [8d499995] Command: /usr/bin/env mkdir -p /tmp
  INFO [52a61101] Finished in 0.250 seconds with exit status 0 (successful).
 DEBUG Uploading /tmp/git-ssh-TalkAway-production-sergiy.sh 0.0%
  INFO Uploading /tmp/git-ssh-TalkAway-production-sergiy.sh 100.0%
  INFO [41d0b2fb] Running /usr/bin/env chmod 700 /tmp/git-ssh-TalkAway-production-sergiy.sh as poweruser@djangochat.srvz-webapp.he-arc.ch
 DEBUG [41d0b2fb] Command: /usr/bin/env chmod 700 /tmp/git-ssh-TalkAway-production-sergiy.sh
  INFO [0a622528] Finished in 0.058 seconds with exit status 0 (successful).
  INFO [ddd3e3a3] Running /usr/bin/env git ls-remote git@github.com/HE-Arc/TalkAway.git HEAD as poweruser@djangochat.srvz-webapp.he-arc.ch
 DEBUG [ddd3e3a3] Command: ( export GIT_ASKPASS="/bin/echo" GIT_SSH="/tmp/git-ssh-TalkAway-production-sergiy.sh" ; /usr/bin/env git ls-remote git@github.com/HE-Arc/TalkAway.git HEAD )
 DEBUG [39c58745] 	fatal: 'git@github.com/HE-Arc/TalkAway.git' does not appear to be a git repository
 DEBUG [39c58745] 	fatal: Could not read from remote repository.

Please make sure you have the correct access rights
and the repository exists.
  INFO ---------------------------------------------------------------------------
  INFO START 2019-03-07 15:52:12 +0100 cap production deploy
  INFO ---------------------------------------------------------------------------
  INFO [b66227f8] Running /usr/bin/env mkdir -p /tmp as poweruser@djangochat.srvz-webapp.he-arc.ch
 DEBUG [b66227f8] Command: /usr/bin/env mkdir -p /tmp
  INFO [5a29eb1e] Finished in 0.379 seconds with exit status 0 (successful).
 DEBUG Uploading /tmp/git-ssh-DjangoChat-production-sergiy.sh 0.0%
  INFO Uploading /tmp/git-ssh-DjangoChat-production-sergiy.sh 100.0%
  INFO [50ece010] Running /usr/bin/env chmod 700 /tmp/git-ssh-DjangoChat-production-sergiy.sh as poweruser@djangochat.srvz-webapp.he-arc.ch
 DEBUG [50ece010] Command: /usr/bin/env chmod 700 /tmp/git-ssh-DjangoChat-production-sergiy.sh
  INFO [acc74976] Finished in 0.064 seconds with exit status 0 (successful).
  INFO [8bf602ae] Running /usr/bin/env git ls-remote git@github.com/HE-Arc/TalkAway.git HEAD as poweruser@djangochat.srvz-webapp.he-arc.ch
 DEBUG [8bf602ae] Command: ( export GIT_ASKPASS="/bin/echo" GIT_SSH="/tmp/git-ssh-DjangoChat-production-sergiy.sh" ; /usr/bin/env git ls-remote git@github.com/HE-Arc/TalkAway.git HEAD )
 DEBUG [62ddbff4] 	fatal: 'git@github.com/HE-Arc/TalkAway.git' does not appear to be a git repository
 DEBUG [62ddbff4] 	fatal: Could not read from remote repository.

Please make sure you have the correct access rights
and the repository exists.
  INFO ---------------------------------------------------------------------------
  INFO START 2019-03-07 15:56:00 +0100 cap production deploy
  INFO ---------------------------------------------------------------------------
  INFO [a524ad59] Running /usr/bin/env mkdir -p /tmp as poweruser@djangochat.srvz-webapp.he-arc.ch
 DEBUG [a524ad59] Command: /usr/bin/env mkdir -p /tmp
  INFO [e67de10f] Finished in 0.197 seconds with exit status 0 (successful).
 DEBUG Uploading /tmp/git-ssh-DjangoChat-production-sergiy.sh 0.0%
  INFO Uploading /tmp/git-ssh-DjangoChat-production-sergiy.sh 100.0%
  INFO [1175808f] Running /usr/bin/env chmod 700 /tmp/git-ssh-DjangoChat-production-sergiy.sh as poweruser@djangochat.srvz-webapp.he-arc.ch
 DEBUG [1175808f] Command: /usr/bin/env chmod 700 /tmp/git-ssh-DjangoChat-production-sergiy.sh
  INFO [fb47b1df] Finished in 0.059 seconds with exit status 0 (successful).
  INFO [22872632] Running /usr/bin/env git ls-remote git@github.com/HE-Arc/TalkAway.git HEAD as poweruser@djangochat.srvz-webapp.he-arc.ch
 DEBUG [22872632] Command: ( export GIT_ASKPASS="/bin/echo" GIT_SSH="/tmp/git-ssh-DjangoChat-production-sergiy.sh" ; /usr/bin/env git ls-remote git@github.com/HE-Arc/TalkAway.git HEAD )
 DEBUG [ac9e99e5] 	fatal: 'git@github.com/HE-Arc/TalkAway.git' does not appear to be a git repository
 DEBUG [ac9e99e5] 	fatal: Could not read from remote repository.

Please make sure you have the correct access rights
and the repository exists.
  INFO ---------------------------------------------------------------------------
  INFO START 2019-03-07 15:56:31 +0100 cap production deploy
  INFO ---------------------------------------------------------------------------
  INFO [1d12bb94] Running /usr/bin/env mkdir -p /tmp as poweruser@djangochat.srvz-webapp.he-arc.ch
 DEBUG [1d12bb94] Command: /usr/bin/env mkdir -p /tmp
  INFO [b18155f5] Finished in 0.295 seconds with exit status 0 (successful).
 DEBUG Uploading /tmp/git-ssh-DjangoChat-production-sergiy.sh 0.0%
  INFO Uploading /tmp/git-ssh-DjangoChat-production-sergiy.sh 100.0%
  INFO [958c6b16] Running /usr/bin/env chmod 700 /tmp/git-ssh-DjangoChat-production-sergiy.sh as poweruser@djangochat.srvz-webapp.he-arc.ch
 DEBUG [958c6b16] Command: /usr/bin/env chmod 700 /tmp/git-ssh-DjangoChat-production-sergiy.sh
  INFO [f6c7ba76] Finished in 0.057 seconds with exit status 0 (successful).
  INFO [fd5727de] Running /usr/bin/env git ls-remote git@ssh://github.com/HE-Arc/TalkAway.git HEAD as poweruser@djangochat.srvz-webapp.he-arc.ch
 DEBUG [fd5727de] Command: ( export GIT_ASKPASS="/bin/echo" GIT_SSH="/tmp/git-ssh-DjangoChat-production-sergiy.sh" ; /usr/bin/env git ls-remote git@ssh://github.com/HE-Arc/TalkAway.git HEAD )
 DEBUG [c1bea1ca] 	fatal: I don't handle protocol 'git@ssh'
  INFO ---------------------------------------------------------------------------
  INFO START 2019-03-07 15:56:50 +0100 cap production deploy
  INFO ---------------------------------------------------------------------------
  INFO [be485266] Running /usr/bin/env mkdir -p /tmp as poweruser@djangochat.srvz-webapp.he-arc.ch
 DEBUG [be485266] Command: /usr/bin/env mkdir -p /tmp
  INFO [58413233] Finished in 0.246 seconds with exit status 0 (successful).
 DEBUG Uploading /tmp/git-ssh-DjangoChat-production-sergiy.sh 0.0%
  INFO Uploading /tmp/git-ssh-DjangoChat-production-sergiy.sh 100.0%
  INFO [78563fc1] Running /usr/bin/env chmod 700 /tmp/git-ssh-DjangoChat-production-sergiy.sh as poweruser@djangochat.srvz-webapp.he-arc.ch
 DEBUG [78563fc1] Command: /usr/bin/env chmod 700 /tmp/git-ssh-DjangoChat-production-sergiy.sh
  INFO [c86e37cc] Finished in 0.062 seconds with exit status 0 (successful).
  INFO [de318412] Running /usr/bin/env git ls-remote git@github.com:HE-Arc/TalkAway.git HEAD as poweruser@djangochat.srvz-webapp.he-arc.ch
 DEBUG [de318412] Command: ( export GIT_ASKPASS="/bin/echo" GIT_SSH="/tmp/git-ssh-DjangoChat-production-sergiy.sh" ; /usr/bin/env git ls-remote git@github.com:HE-Arc/TalkAway.git HEAD )
 DEBUG [2a678281] 	bbc0e82089b1ccb64eec514b18b170ad8e2bf7da	HEAD
  INFO [2a678281] Finished in 1.523 seconds with exit status 0 (successful).
  INFO [a9735841] Running /usr/bin/env mkdir -p /var/www/DjangoChat/shared /var/www/DjangoChat/releases as poweruser@djangochat.srvz-webapp.he-arc.ch
 DEBUG [a9735841] Command: /usr/bin/env mkdir -p /var/www/DjangoChat/shared /var/www/DjangoChat/releases
  INFO [35ce6dd8] Finished in 0.243 seconds with exit status 0 (successful).
 DEBUG [f72924c6] Running [ -f /var/www/DjangoChat/current/REVISION ] as poweruser@djangochat.srvz-webapp.he-arc.ch
 DEBUG [f72924c6] Command: [ -f /var/www/DjangoChat/current/REVISION ]
 DEBUG [0514a134] Finished in 0.303 seconds with exit status 1 (failed).
 DEBUG [95cb7829] Running [ -f /var/www/DjangoChat/repo/HEAD ] as poweruser@djangochat.srvz-webapp.he-arc.ch
 DEBUG [95cb7829] Command: [ -f /var/www/DjangoChat/repo/HEAD ]
 DEBUG [26795da7] Finished in 0.244 seconds with exit status 1 (failed).
 DEBUG [12ce5e5a] Running if test ! -d /var/www/DjangoChat; then echo "Directory does not exist '/var/www/DjangoChat'" 1>&2; false; fi as poweruser@djangochat.srvz-webapp.he-arc.ch
 DEBUG [12ce5e5a] Command: if test ! -d /var/www/DjangoChat; then echo "Directory does not exist '/var/www/DjangoChat'" 1>&2; false; fi
 DEBUG [a2ffd3f8] Finished in 0.058 seconds with exit status 0 (successful).
  INFO [3b50bd57] Running /usr/bin/env git clone --mirror git@github.com:HE-Arc/TalkAway.git /var/www/DjangoChat/repo as poweruser@djangochat.srvz-webapp.he-arc.ch
 DEBUG [3b50bd57] Command: cd /var/www/DjangoChat && ( export GIT_ASKPASS="/bin/echo" GIT_SSH="/tmp/git-ssh-DjangoChat-production-sergiy.sh" ; /usr/bin/env git clone --mirror git@github.com:HE-Arc/TalkAway.git /var/www/DjangoChat/repo )
 DEBUG [e40c55d9] 	Cloning into bare repository '/var/www/DjangoChat/repo'...
  INFO [e40c55d9] Finished in 2.077 seconds with exit status 0 (successful).
 DEBUG [84ac535b] Running if test ! -d /var/www/DjangoChat/repo; then echo "Directory does not exist '/var/www/DjangoChat/repo'" 1>&2; false; fi as poweruser@djangochat.srvz-webapp.he-arc.ch
 DEBUG [84ac535b] Command: if test ! -d /var/www/DjangoChat/repo; then echo "Directory does not exist '/var/www/DjangoChat/repo'" 1>&2; false; fi
 DEBUG [62eaecb7] Finished in 0.235 seconds with exit status 0 (successful).
  INFO [a5a53031] Running /usr/bin/env git remote set-url origin git@github.com:HE-Arc/TalkAway.git as poweruser@djangochat.srvz-webapp.he-arc.ch
 DEBUG [a5a53031] Command: cd /var/www/DjangoChat/repo && ( export GIT_ASKPASS="/bin/echo" GIT_SSH="/tmp/git-ssh-DjangoChat-production-sergiy.sh" ; /usr/bin/env git remote set-url origin git@github.com:HE-Arc/TalkAway.git )
  INFO [f7b09a6c] Finished in 0.065 seconds with exit status 0 (successful).
  INFO [1aa1ebee] Running /usr/bin/env git remote update --prune as poweruser@djangochat.srvz-webapp.he-arc.ch
 DEBUG [1aa1ebee] Command: cd /var/www/DjangoChat/repo && ( export GIT_ASKPASS="/bin/echo" GIT_SSH="/tmp/git-ssh-DjangoChat-production-sergiy.sh" ; /usr/bin/env git remote update --prune )
 DEBUG [ee1c2b5b] 	Fetching origin
  INFO [ee1c2b5b] Finished in 1.378 seconds with exit status 0 (successful).
 DEBUG [a36782ad] Running if test ! -d /var/www/DjangoChat/repo; then echo "Directory does not exist '/var/www/DjangoChat/repo'" 1>&2; false; fi as poweruser@djangochat.srvz-webapp.he-arc.ch
 DEBUG [a36782ad] Command: if test ! -d /var/www/DjangoChat/repo; then echo "Directory does not exist '/var/www/DjangoChat/repo'" 1>&2; false; fi
 DEBUG [76539ded] Finished in 0.244 seconds with exit status 0 (successful).
  INFO [002379a9] Running /usr/bin/env mkdir -p /var/www/DjangoChat/releases/20190307145653 as poweruser@djangochat.srvz-webapp.he-arc.ch
 DEBUG [002379a9] Command: cd /var/www/DjangoChat/repo && ( export GIT_ASKPASS="/bin/echo" GIT_SSH="/tmp/git-ssh-DjangoChat-production-sergiy.sh" ; /usr/bin/env mkdir -p /var/www/DjangoChat/releases/20190307145653 )
  INFO [a7261a75] Finished in 0.066 seconds with exit status 0 (successful).
  INFO [f699056f] Running /usr/bin/env git archive master | /usr/bin/env tar -x -f - -C /var/www/DjangoChat/releases/20190307145653 as poweruser@djangochat.srvz-webapp.he-arc.ch
 DEBUG [f699056f] Command: cd /var/www/DjangoChat/repo && ( export GIT_ASKPASS="/bin/echo" GIT_SSH="/tmp/git-ssh-DjangoChat-production-sergiy.sh" ; /usr/bin/env git archive master | /usr/bin/env tar -x -f - -C /var/www/DjangoChat/releases/20190307145653 )
  INFO [a7bb0715] Finished in 0.090 seconds with exit status 0 (successful).
 DEBUG [b07a0f5e] Running if test ! -d /var/www/DjangoChat/repo; then echo "Directory does not exist '/var/www/DjangoChat/repo'" 1>&2; false; fi as poweruser@djangochat.srvz-webapp.he-arc.ch
 DEBUG [b07a0f5e] Command: if test ! -d /var/www/DjangoChat/repo; then echo "Directory does not exist '/var/www/DjangoChat/repo'" 1>&2; false; fi
 DEBUG [e767beeb] Finished in 0.229 seconds with exit status 0 (successful).
 DEBUG [a6d81e94] Running /usr/bin/env git rev-list --max-count=1 master as poweruser@djangochat.srvz-webapp.he-arc.ch
 DEBUG [a6d81e94] Command: cd /var/www/DjangoChat/repo && ( export GIT_ASKPASS="/bin/echo" GIT_SSH="/tmp/git-ssh-DjangoChat-production-sergiy.sh" ; /usr/bin/env git rev-list --max-count=1 master )
 DEBUG [e0145db0] 	bbc0e82089b1ccb64eec514b18b170ad8e2bf7da
 DEBUG [e0145db0] Finished in 0.068 seconds with exit status 0 (successful).
 DEBUG [44f262bb] Running if test ! -d /var/www/DjangoChat/releases/20190307145653; then echo "Directory does not exist '/var/www/DjangoChat/releases/20190307145653'" 1>&2; false; fi as poweruser@djangochat.srvz-webapp.he-arc.ch
 DEBUG [44f262bb] Command: if test ! -d /var/www/DjangoChat/releases/20190307145653; then echo "Directory does not exist '/var/www/DjangoChat/releases/20190307145653'" 1>&2; false; fi
 DEBUG [dfd61f2d] Finished in 0.231 seconds with exit status 0 (successful).
  INFO [81c241f1] Running /usr/bin/env echo "bbc0e82089b1ccb64eec514b18b170ad8e2bf7da" > REVISION as poweruser@djangochat.srvz-webapp.he-arc.ch
 DEBUG [81c241f1] Command: cd /var/www/DjangoChat/releases/20190307145653 && /usr/bin/env echo "bbc0e82089b1ccb64eec514b18b170ad8e2bf7da" > REVISION
  INFO [7d771794] Finished in 0.060 seconds with exit status 0 (successful).
  INFO [0290aca1] Running /usr/bin/env ln -s /var/www/DjangoChat/releases/20190307145653 /var/www/DjangoChat/releases/current as poweruser@djangochat.srvz-webapp.he-arc.ch
 DEBUG [0290aca1] Command: /usr/bin/env ln -s /var/www/DjangoChat/releases/20190307145653 /var/www/DjangoChat/releases/current
  INFO [0bdc8d64] Finished in 0.241 seconds with exit status 0 (successful).
  INFO [9c0ad126] Running /usr/bin/env mv /var/www/DjangoChat/releases/current /var/www/DjangoChat as poweruser@djangochat.srvz-webapp.he-arc.ch
 DEBUG [9c0ad126] Command: /usr/bin/env mv /var/www/DjangoChat/releases/current /var/www/DjangoChat
  INFO [7a6e25dc] Finished in 0.066 seconds with exit status 0 (successful).
 DEBUG [efda0ea2] Running /usr/bin/env ls -x /var/www/DjangoChat/releases as poweruser@djangochat.srvz-webapp.he-arc.ch
 DEBUG [efda0ea2] Command: /usr/bin/env ls -x /var/www/DjangoChat/releases
 DEBUG [53657c66] 	20190307145653
 DEBUG [53657c66] Finished in 0.215 seconds with exit status 0 (successful).
 DEBUG [d0a01a6b] Running if test ! -d /var/www/DjangoChat/releases; then echo "Directory does not exist '/var/www/DjangoChat/releases'" 1>&2; false; fi as poweruser@djangochat.srvz-webapp.he-arc.ch
 DEBUG [d0a01a6b] Command: if test ! -d /var/www/DjangoChat/releases; then echo "Directory does not exist '/var/www/DjangoChat/releases'" 1>&2; false; fi
 DEBUG [2867b664] Finished in 0.186 seconds with exit status 0 (successful).
  INFO [1b31cedd] Running /usr/bin/env echo "Branch master (at bbc0e82089b1ccb64eec514b18b170ad8e2bf7da) deployed as release 20190307145653 by sergiy" >> /var/www/DjangoChat/revisions.log as poweruser@djangochat.srvz-webapp.he-arc.ch
 DEBUG [1b31cedd] Command: cd /var/www/DjangoChat/releases && /usr/bin/env echo "Branch master (at bbc0e82089b1ccb64eec514b18b170ad8e2bf7da) deployed as release 20190307145653 by sergiy" >> /var/www/DjangoChat/revisions.log
  INFO [cd9774f7] Finished in 0.054 seconds with exit status 0 (successful).
  INFO ---------------------------------------------------------------------------
  INFO START 2019-03-07 15:57:32 +0100 cap production deploy
  INFO ---------------------------------------------------------------------------
  INFO [eda8e971] Running /usr/bin/env mkdir -p /tmp as poweruser@djangochat.srvz-webapp.he-arc.ch
 DEBUG [eda8e971] Command: /usr/bin/env mkdir -p /tmp
  INFO [072b77dd] Finished in 0.231 seconds with exit status 0 (successful).
 DEBUG Uploading /tmp/git-ssh-DjangoChat-production-sergiy.sh 0.0%
  INFO Uploading /tmp/git-ssh-DjangoChat-production-sergiy.sh 100.0%
  INFO [2560f772] Running /usr/bin/env chmod 700 /tmp/git-ssh-DjangoChat-production-sergiy.sh as poweruser@djangochat.srvz-webapp.he-arc.ch
 DEBUG [2560f772] Command: /usr/bin/env chmod 700 /tmp/git-ssh-DjangoChat-production-sergiy.sh
  INFO [a2379c85] Finished in 0.056 seconds with exit status 0 (successful).
  INFO [4341b3e7] Running /usr/bin/env git ls-remote git@github.com:HE-Arc/TalkAway.git HEAD as poweruser@djangochat.srvz-webapp.he-arc.ch
 DEBUG [4341b3e7] Command: ( export GIT_ASKPASS="/bin/echo" GIT_SSH="/tmp/git-ssh-DjangoChat-production-sergiy.sh" ; /usr/bin/env git ls-remote git@github.com:HE-Arc/TalkAway.git HEAD )
 DEBUG [438e7910] 	bbc0e82089b1ccb64eec514b18b170ad8e2bf7da	HEAD
  INFO [438e7910] Finished in 1.350 seconds with exit status 0 (successful).
  INFO [f0ba41b3] Running /usr/bin/env mkdir -p /var/www/DjangoChat/shared /var/www/DjangoChat/releases as poweruser@djangochat.srvz-webapp.he-arc.ch
 DEBUG [f0ba41b3] Command: /usr/bin/env mkdir -p /var/www/DjangoChat/shared /var/www/DjangoChat/releases
  INFO [611397a2] Finished in 0.015 seconds with exit status 0 (successful).
 DEBUG [9fe49d2f] Running [ -f /var/www/DjangoChat/current/REVISION ] as poweruser@djangochat.srvz-webapp.he-arc.ch
 DEBUG [9fe49d2f] Command: [ -f /var/www/DjangoChat/current/REVISION ]
 DEBUG [81a6bb68] Finished in 0.053 seconds with exit status 0 (successful).
 DEBUG [c768e7bf] Running /usr/bin/env cat /var/www/DjangoChat/current/REVISION 2>/dev/null as poweruser@djangochat.srvz-webapp.he-arc.ch
 DEBUG [c768e7bf] Command: /usr/bin/env cat /var/www/DjangoChat/current/REVISION 2>/dev/null
 DEBUG [14f51556] 	bbc0e82089b1ccb64eec514b18b170ad8e2bf7da
 DEBUG [14f51556] Finished in 0.058 seconds with exit status 0 (successful).
 DEBUG [c0861cb4] Running [ -f /var/www/DjangoChat/repo/HEAD ] as poweruser@djangochat.srvz-webapp.he-arc.ch
 DEBUG [c0861cb4] Command: [ -f /var/www/DjangoChat/repo/HEAD ]
 DEBUG [fe683dfa] Finished in 0.053 seconds with exit status 0 (successful).
  INFO The repository mirror is at /var/www/DjangoChat/repo
 DEBUG [29fdcbd3] Running if test ! -d /var/www/DjangoChat/repo; then echo "Directory does not exist '/var/www/DjangoChat/repo'" 1>&2; false; fi as poweruser@djangochat.srvz-webapp.he-arc.ch
 DEBUG [29fdcbd3] Command: if test ! -d /var/www/DjangoChat/repo; then echo "Directory does not exist '/var/www/DjangoChat/repo'" 1>&2; false; fi
 DEBUG [a8bc79c8] Finished in 0.055 seconds with exit status 0 (successful).
  INFO [2950a28d] Running /usr/bin/env git remote set-url origin git@github.com:HE-Arc/TalkAway.git as poweruser@djangochat.srvz-webapp.he-arc.ch
 DEBUG [2950a28d] Command: cd /var/www/DjangoChat/repo && ( export GIT_ASKPASS="/bin/echo" GIT_SSH="/tmp/git-ssh-DjangoChat-production-sergiy.sh" ; /usr/bin/env git remote set-url origin git@github.com:HE-Arc/TalkAway.git )
  INFO [2ce4732e] Finished in 0.064 seconds with exit status 0 (successful).
  INFO [6a1b7864] Running /usr/bin/env git remote update --prune as poweruser@djangochat.srvz-webapp.he-arc.ch
 DEBUG [6a1b7864] Command: cd /var/www/DjangoChat/repo && ( export GIT_ASKPASS="/bin/echo" GIT_SSH="/tmp/git-ssh-DjangoChat-production-sergiy.sh" ; /usr/bin/env git remote update --prune )
 DEBUG [497f4c76] 	Fetching origin
  INFO [497f4c76] Finished in 1.348 seconds with exit status 0 (successful).
 DEBUG [12627520] Running if test ! -d /var/www/DjangoChat/repo; then echo "Directory does not exist '/var/www/DjangoChat/repo'" 1>&2; false; fi as poweruser@djangochat.srvz-webapp.he-arc.ch
 DEBUG [12627520] Command: if test ! -d /var/www/DjangoChat/repo; then echo "Directory does not exist '/var/www/DjangoChat/repo'" 1>&2; false; fi
 DEBUG [1da6d4b9] Finished in 0.060 seconds with exit status 0 (successful).
  INFO [d3a6355c] Running /usr/bin/env mkdir -p /var/www/DjangoChat/releases/20190307145733 as poweruser@djangochat.srvz-webapp.he-arc.ch
 DEBUG [d3a6355c] Command: cd /var/www/DjangoChat/repo && ( export GIT_ASKPASS="/bin/echo" GIT_SSH="/tmp/git-ssh-DjangoChat-production-sergiy.sh" ; /usr/bin/env mkdir -p /var/www/DjangoChat/releases/20190307145733 )
  INFO [dc4c9c93] Finished in 0.061 seconds with exit status 0 (successful).
  INFO [9b787816] Running /usr/bin/env git archive master | /usr/bin/env tar -x -f - -C /var/www/DjangoChat/releases/20190307145733 as poweruser@djangochat.srvz-webapp.he-arc.ch
 DEBUG [9b787816] Command: cd /var/www/DjangoChat/repo && ( export GIT_ASKPASS="/bin/echo" GIT_SSH="/tmp/git-ssh-DjangoChat-production-sergiy.sh" ; /usr/bin/env git archive master | /usr/bin/env tar -x -f - -C /var/www/DjangoChat/releases/20190307145733 )
  INFO [79718331] Finished in 0.087 seconds with exit status 0 (successful).
 DEBUG [3778a03b] Running if test ! -d /var/www/DjangoChat/repo; then echo "Directory does not exist '/var/www/DjangoChat/repo'" 1>&2; false; fi as poweruser@djangochat.srvz-webapp.he-arc.ch
 DEBUG [3778a03b] Command: if test ! -d /var/www/DjangoChat/repo; then echo "Directory does not exist '/var/www/DjangoChat/repo'" 1>&2; false; fi
 DEBUG [07fb8c9f] Finished in 0.053 seconds with exit status 0 (successful).
 DEBUG [ad43476f] Running /usr/bin/env git rev-list --max-count=1 master as poweruser@djangochat.srvz-webapp.he-arc.ch
 DEBUG [ad43476f] Command: cd /var/www/DjangoChat/repo && ( export GIT_ASKPASS="/bin/echo" GIT_SSH="/tmp/git-ssh-DjangoChat-production-sergiy.sh" ; /usr/bin/env git rev-list --max-count=1 master )
 DEBUG [b98c1eaa] 	bbc0e82089b1ccb64eec514b18b170ad8e2bf7da
 DEBUG [b98c1eaa] Finished in 0.063 seconds with exit status 0 (successful).
 DEBUG [5bcde262] Running if test ! -d /var/www/DjangoChat/releases/20190307145733; then echo "Directory does not exist '/var/www/DjangoChat/releases/20190307145733'" 1>&2; false; fi as poweruser@djangochat.srvz-webapp.he-arc.ch
 DEBUG [5bcde262] Command: if test ! -d /var/www/DjangoChat/releases/20190307145733; then echo "Directory does not exist '/var/www/DjangoChat/releases/20190307145733'" 1>&2; false; fi
 DEBUG [9f4b7570] Finished in 0.056 seconds with exit status 0 (successful).
  INFO [6670d0aa] Running /usr/bin/env echo "bbc0e82089b1ccb64eec514b18b170ad8e2bf7da" > REVISION as poweruser@djangochat.srvz-webapp.he-arc.ch
 DEBUG [6670d0aa] Command: cd /var/www/DjangoChat/releases/20190307145733 && /usr/bin/env echo "bbc0e82089b1ccb64eec514b18b170ad8e2bf7da" > REVISION
  INFO [7c1d1baf] Finished in 0.059 seconds with exit status 0 (successful).
  INFO [061e3f54] Running /usr/bin/env ln -s /var/www/DjangoChat/releases/20190307145733 /var/www/DjangoChat/releases/current as poweruser@djangochat.srvz-webapp.he-arc.ch
 DEBUG [061e3f54] Command: /usr/bin/env ln -s /var/www/DjangoChat/releases/20190307145733 /var/www/DjangoChat/releases/current
  INFO [3e00f2f3] Finished in 0.059 seconds with exit status 0 (successful).
  INFO [d5f3f2b5] Running /usr/bin/env mv /var/www/DjangoChat/releases/current /var/www/DjangoChat as poweruser@djangochat.srvz-webapp.he-arc.ch
 DEBUG [d5f3f2b5] Command: /usr/bin/env mv /var/www/DjangoChat/releases/current /var/www/DjangoChat
  INFO [0d5e25d7] Finished in 0.060 seconds with exit status 0 (successful).
 DEBUG [e83f39fc] Running /usr/bin/env ls -x /var/www/DjangoChat/releases as poweruser@djangochat.srvz-webapp.he-arc.ch
 DEBUG [e83f39fc] Command: /usr/bin/env ls -x /var/www/DjangoChat/releases
 DEBUG [1698d2b4] 	20190307145653	20190307145733
 DEBUG [1698d2b4] Finished in 0.060 seconds with exit status 0 (successful).
 DEBUG [995d4dee] Running if test ! -d /var/www/DjangoChat/releases; then echo "Directory does not exist '/var/www/DjangoChat/releases'" 1>&2; false; fi as poweruser@djangochat.srvz-webapp.he-arc.ch
 DEBUG [995d4dee] Command: if test ! -d /var/www/DjangoChat/releases; then echo "Directory does not exist '/var/www/DjangoChat/releases'" 1>&2; false; fi
 DEBUG [133fd911] Finished in 0.057 seconds with exit status 0 (successful).
  INFO [6f0925ad] Running /usr/bin/env echo "Branch master (at bbc0e82089b1ccb64eec514b18b170ad8e2bf7da) deployed as release 20190307145733 by sergiy" >> /var/www/DjangoChat/revisions.log as poweruser@djangochat.srvz-webapp.he-arc.ch
 DEBUG [6f0925ad] Command: cd /var/www/DjangoChat/releases && /usr/bin/env echo "Branch master (at bbc0e82089b1ccb64eec514b18b170ad8e2bf7da) deployed as release 20190307145733 by sergiy" >> /var/www/DjangoChat/revisions.log
  INFO [87e72f79] Finished in 0.058 seconds with exit status 0 (successful).
  INFO ---------------------------------------------------------------------------
  INFO START 2019-03-07 16:33:25 +0100 cap production deploy
  INFO ---------------------------------------------------------------------------
  INFO [416c73ec] Running /usr/bin/env mkdir -p /tmp as poweruser@djangochat.srvz-webapp.he-arc.ch
 DEBUG [416c73ec] Command: /usr/bin/env mkdir -p /tmp
  INFO [27b51814] Finished in 0.364 seconds with exit status 0 (successful).
 DEBUG Uploading /tmp/git-ssh-TalkAway-production-sergiy.sh 0.0%
  INFO Uploading /tmp/git-ssh-TalkAway-production-sergiy.sh 100.0%
  INFO [8e16836e] Running /usr/bin/env chmod 700 /tmp/git-ssh-TalkAway-production-sergiy.sh as poweruser@djangochat.srvz-webapp.he-arc.ch
 DEBUG [8e16836e] Command: /usr/bin/env chmod 700 /tmp/git-ssh-TalkAway-production-sergiy.sh
  INFO [d7e8e7be] Finished in 0.057 seconds with exit status 0 (successful).
  INFO [468ba092] Running /usr/bin/env git ls-remote git@github.com:HE-Arc/TalkAway.git HEAD as poweruser@djangochat.srvz-webapp.he-arc.ch
 DEBUG [468ba092] Command: ( export GIT_ASKPASS="/bin/echo" GIT_SSH="/tmp/git-ssh-TalkAway-production-sergiy.sh" ; /usr/bin/env git ls-remote git@github.com:HE-Arc/TalkAway.git HEAD )
 DEBUG [4130b182] 	bbc0e82089b1ccb64eec514b18b170ad8e2bf7da	HEAD
  INFO [4130b182] Finished in 1.317 seconds with exit status 0 (successful).
  INFO [c64fa217] Running /usr/bin/env mkdir -p /var/www/TalkAway/shared /var/www/TalkAway/releases as poweruser@djangochat.srvz-webapp.he-arc.ch
 DEBUG [c64fa217] Command: /usr/bin/env mkdir -p /var/www/TalkAway/shared /var/www/TalkAway/releases
  INFO [98a7a1fc] Finished in 0.059 seconds with exit status 0 (successful).
 DEBUG [625cca85] Running [ -f /var/www/TalkAway/current/REVISION ] as poweruser@djangochat.srvz-webapp.he-arc.ch
 DEBUG [625cca85] Command: [ -f /var/www/TalkAway/current/REVISION ]
 DEBUG [d7381a27] Finished in 0.054 seconds with exit status 0 (successful).
 DEBUG [05fa0fd8] Running /usr/bin/env cat /var/www/TalkAway/current/REVISION 2>/dev/null as poweruser@djangochat.srvz-webapp.he-arc.ch
 DEBUG [05fa0fd8] Command: /usr/bin/env cat /var/www/TalkAway/current/REVISION 2>/dev/null
 DEBUG [3607932e] 	bbc0e82089b1ccb64eec514b18b170ad8e2bf7da
 DEBUG [3607932e] Finished in 0.058 seconds with exit status 0 (successful).
 DEBUG [159935ee] Running [ -f /var/www/TalkAway/repo/HEAD ] as poweruser@djangochat.srvz-webapp.he-arc.ch
 DEBUG [159935ee] Command: [ -f /var/www/TalkAway/repo/HEAD ]
 DEBUG [fac0015f] Finished in 0.054 seconds with exit status 0 (successful).
  INFO The repository mirror is at /var/www/TalkAway/repo
 DEBUG [f10bb801] Running if test ! -d /var/www/TalkAway/repo; then echo "Directory does not exist '/var/www/TalkAway/repo'" 1>&2; false; fi as poweruser@djangochat.srvz-webapp.he-arc.ch
 DEBUG [f10bb801] Command: if test ! -d /var/www/TalkAway/repo; then echo "Directory does not exist '/var/www/TalkAway/repo'" 1>&2; false; fi
 DEBUG [85cefd70] Finished in 0.058 seconds with exit status 0 (successful).
  INFO [247693f6] Running /usr/bin/env git remote set-url origin git@github.com:HE-Arc/TalkAway.git as poweruser@djangochat.srvz-webapp.he-arc.ch
 DEBUG [247693f6] Command: cd /var/www/TalkAway/repo && ( export GIT_ASKPASS="/bin/echo" GIT_SSH="/tmp/git-ssh-TalkAway-production-sergiy.sh" ; /usr/bin/env git remote set-url origin git@github.com:HE-Arc/TalkAway.git )
  INFO [34d04b21] Finished in 0.066 seconds with exit status 0 (successful).
  INFO [2b3a6c21] Running /usr/bin/env git remote update --prune as poweruser@djangochat.srvz-webapp.he-arc.ch
 DEBUG [2b3a6c21] Command: cd /var/www/TalkAway/repo && ( export GIT_ASKPASS="/bin/echo" GIT_SSH="/tmp/git-ssh-TalkAway-production-sergiy.sh" ; /usr/bin/env git remote update --prune )
 DEBUG [5907b748] 	Fetching origin
  INFO [5907b748] Finished in 1.340 seconds with exit status 0 (successful).
 DEBUG [971533d6] Running if test ! -d /var/www/TalkAway/repo; then echo "Directory does not exist '/var/www/TalkAway/repo'" 1>&2; false; fi as poweruser@djangochat.srvz-webapp.he-arc.ch
 DEBUG [971533d6] Command: if test ! -d /var/www/TalkAway/repo; then echo "Directory does not exist '/var/www/TalkAway/repo'" 1>&2; false; fi
 DEBUG [917b54bf] Finished in 0.056 seconds with exit status 0 (successful).
  INFO [1b89b4e3] Running /usr/bin/env mkdir -p /var/www/TalkAway/releases/20190307153327 as poweruser@djangochat.srvz-webapp.he-arc.ch
 DEBUG [1b89b4e3] Command: cd /var/www/TalkAway/repo && ( export GIT_ASKPASS="/bin/echo" GIT_SSH="/tmp/git-ssh-TalkAway-production-sergiy.sh" ; /usr/bin/env mkdir -p /var/www/TalkAway/releases/20190307153327 )
  INFO [85224a1f] Finished in 0.061 seconds with exit status 0 (successful).
  INFO [603621a2] Running /usr/bin/env git archive master | /usr/bin/env tar -x -f - -C /var/www/TalkAway/releases/20190307153327 as poweruser@djangochat.srvz-webapp.he-arc.ch
 DEBUG [603621a2] Command: cd /var/www/TalkAway/repo && ( export GIT_ASKPASS="/bin/echo" GIT_SSH="/tmp/git-ssh-TalkAway-production-sergiy.sh" ; /usr/bin/env git archive master | /usr/bin/env tar -x -f - -C /var/www/TalkAway/releases/20190307153327 )
  INFO [ab45e468] Finished in 0.100 seconds with exit status 0 (successful).
 DEBUG [edf41416] Running if test ! -d /var/www/TalkAway/repo; then echo "Directory does not exist '/var/www/TalkAway/repo'" 1>&2; false; fi as poweruser@djangochat.srvz-webapp.he-arc.ch
 DEBUG [edf41416] Command: if test ! -d /var/www/TalkAway/repo; then echo "Directory does not exist '/var/www/TalkAway/repo'" 1>&2; false; fi
 DEBUG [e26a0392] Finished in 0.060 seconds with exit status 0 (successful).
 DEBUG [47b31148] Running /usr/bin/env git rev-list --max-count=1 master as poweruser@djangochat.srvz-webapp.he-arc.ch
 DEBUG [47b31148] Command: cd /var/www/TalkAway/repo && ( export GIT_ASKPASS="/bin/echo" GIT_SSH="/tmp/git-ssh-TalkAway-production-sergiy.sh" ; /usr/bin/env git rev-list --max-count=1 master )
 DEBUG [4df2d56a] 	bbc0e82089b1ccb64eec514b18b170ad8e2bf7da
 DEBUG [4df2d56a] Finished in 0.065 seconds with exit status 0 (successful).
 DEBUG [62c99968] Running if test ! -d /var/www/TalkAway/releases/20190307153327; then echo "Directory does not exist '/var/www/TalkAway/releases/20190307153327'" 1>&2; false; fi as poweruser@djangochat.srvz-webapp.he-arc.ch
 DEBUG [62c99968] Command: if test ! -d /var/www/TalkAway/releases/20190307153327; then echo "Directory does not exist '/var/www/TalkAway/releases/20190307153327'" 1>&2; false; fi
 DEBUG [36ef59fd] Finished in 0.056 seconds with exit status 0 (successful).
  INFO [0ba4050b] Running /usr/bin/env echo "bbc0e82089b1ccb64eec514b18b170ad8e2bf7da" > REVISION as poweruser@djangochat.srvz-webapp.he-arc.ch
 DEBUG [0ba4050b] Command: cd /var/www/TalkAway/releases/20190307153327 && /usr/bin/env echo "bbc0e82089b1ccb64eec514b18b170ad8e2bf7da" > REVISION
  INFO [28d545cf] Finished in 0.063 seconds with exit status 0 (successful).
  INFO [e1d0b11e] Running python3.6 -m venv /var/www/TalkAway/shared/env as poweruser@djangochat.srvz-webapp.he-arc.ch
 DEBUG [e1d0b11e] Command: python3.6 -m venv /var/www/TalkAway/shared/env
  INFO [0e4666a3] Finished in 3.722 seconds with exit status 0 (successful).
  INFO [b6cdde91] Running source /var/www/TalkAway/shared/env/bin/activate as poweruser@djangochat.srvz-webapp.he-arc.ch
 DEBUG [b6cdde91] Command: source /var/www/TalkAway/shared/env/bin/activate
  INFO [fcad65ae] Finished in 0.055 seconds with exit status 0 (successful).
  INFO [ebafc911] Running /var/www/TalkAway/shared/env/bin/pip install –r /var/www/TalkAway/releases/20190307153327/requirements.txt as poweruser@djangochat.srvz-webapp.he-arc.ch
 DEBUG [ebafc911] Command: /var/www/TalkAway/shared/env/bin/pip install –r /var/www/TalkAway/releases/20190307153327/requirements.txt
 DEBUG [101bdaa4] 	Invalid requirement: '–r'
Traceback (most recent call last):
  File "/var/www/TalkAway/shared/env/share/python-wheels/packaging-17.1-py2.py3-none-any.whl/packaging/requirements.py", line 93, in __init__
    req = REQUIREMENT.parseString(requirement_string)
  File "/var/www/TalkAway/shared/env/share/python-wheels/pyparsing-2.2.0-py2.py3-none-any.whl/pyparsing.py", line 1632, in parseString
    raise exc
  File "/var/www/TalkAway/shared/env/share/python-wheels/pyparsing-2.2.0-py2.py3-none-any.whl/pyparsing.py", line 1622, in parseString
    loc, tokens = self._parse( instring, 0 )
  File "/var/www/TalkAway/shared/env/share/python-wheels/pyparsing-2.2.0-py2.py3-none-any.whl/pyparsing.py", line 1379, in _parseNoCache
    loc,tokens = self.parseImpl( instring, preloc, doActions )
  File "/var/www/TalkAway/shared/env/share/python-wheels/pyparsing-2.2.0-py2.py3-none-any.whl/pyparsing.py", line 3395, in parseImpl
    loc, exprtokens = e._parse( instring, loc, doActions )
  File "/var/www/TalkAway/shared/env/share/python-wheels/pyparsing-2.2.0-py2.py3-none-any.whl/pyparsing.py", line 1379, in _parseNoCache
    loc,tokens = self.parseImpl( instring, preloc, doActions )
  File "/var/www/TalkAway/shared/env/share/python-wheels/pyparsing-2.2.0-py2.py3-none-any.whl/pyparsing.py", line 3717, in parseImpl
    return self.expr._parse( instring, loc, doActions, callPreParse=False )
  File "/var/www/TalkAway/shared/env/share/python-wheels/pyparsing-2.2.0-py2.py3-none-any.whl/pyparsing.py", line 1379, in _parseNoCache
    loc,tokens = self.parseImpl( instring, preloc, doActions )
  File "/var/www/TalkAway/shared/env/share/python-wheels/pyparsing-2.2.0-py2.py3-none-any.whl/pyparsing.py", line 3378, in parseImpl
    loc, resultlist = self.exprs[0]._parse( instring, loc, doActions, callPreParse=False )
  File "/var/www/TalkAway/shared/env/share/python-wheels/pyparsing-2.2.0-py2.py3-none-any.whl/pyparsing.py", line 1383, in _parseNoCache
    loc,tokens = self.parseImpl( instring, preloc, doActions )
  File "/var/www/TalkAway/shared/env/share/python-wheels/pyparsing-2.2.0-py2.py3-none-any.whl/pyparsing.py", line 2689, in parseImpl
    raise ParseException(instring, loc, self.errmsg, self)
pyparsing.ParseException: Expected W:(abcd...) (at char 0), (line:1, col:1)

During handling of the above exception, another exception occurred:

Traceback (most recent call last):
  File "/var/www/TalkAway/shared/env/lib/python3.6/site-packages/pip/req/req_install.py", line 82, in __init__
    req = Requirement(req)
  File "/var/www/TalkAway/shared/env/share/python-wheels/packaging-17.1-py2.py3-none-any.whl/packaging/requirements.py", line 97, in __init__
    requirement_string[e.loc:e.loc + 8]))
pip._vendor.packaging.requirements.InvalidRequirement: Invalid requirement, parse error at "'–r'"

  INFO ---------------------------------------------------------------------------
  INFO START 2019-03-07 16:36:17 +0100 cap production deploy
  INFO ---------------------------------------------------------------------------
  INFO [62f66c21] Running /usr/bin/env mkdir -p /tmp as poweruser@djangochat.srvz-webapp.he-arc.ch
 DEBUG [62f66c21] Command: /usr/bin/env mkdir -p /tmp
  INFO [f825028b] Finished in 0.192 seconds with exit status 0 (successful).
 DEBUG Uploading /tmp/git-ssh-TalkAway-production-sergiy.sh 0.0%
  INFO Uploading /tmp/git-ssh-TalkAway-production-sergiy.sh 100.0%
  INFO [bc35889b] Running /usr/bin/env chmod 700 /tmp/git-ssh-TalkAway-production-sergiy.sh as poweruser@djangochat.srvz-webapp.he-arc.ch
 DEBUG [bc35889b] Command: /usr/bin/env chmod 700 /tmp/git-ssh-TalkAway-production-sergiy.sh
  INFO [746233ce] Finished in 0.051 seconds with exit status 0 (successful).
  INFO [2a3d7ac6] Running /usr/bin/env git ls-remote git@github.com:HE-Arc/TalkAway.git HEAD as poweruser@djangochat.srvz-webapp.he-arc.ch
 DEBUG [2a3d7ac6] Command: ( export GIT_ASKPASS="/bin/echo" GIT_SSH="/tmp/git-ssh-TalkAway-production-sergiy.sh" ; /usr/bin/env git ls-remote git@github.com:HE-Arc/TalkAway.git HEAD )
 DEBUG [3dddf5d0] 	bbc0e82089b1ccb64eec514b18b170ad8e2bf7da	HEAD
  INFO [3dddf5d0] Finished in 1.276 seconds with exit status 0 (successful).
  INFO [5a87a0ec] Running /usr/bin/env mkdir -p /var/www/TalkAway/shared /var/www/TalkAway/releases as poweruser@djangochat.srvz-webapp.he-arc.ch
 DEBUG [5a87a0ec] Command: /usr/bin/env mkdir -p /var/www/TalkAway/shared /var/www/TalkAway/releases
  INFO [053de4b6] Finished in 0.011 seconds with exit status 0 (successful).
 DEBUG [feedc1e0] Running [ -f /var/www/TalkAway/current/REVISION ] as poweruser@djangochat.srvz-webapp.he-arc.ch
 DEBUG [feedc1e0] Command: [ -f /var/www/TalkAway/current/REVISION ]
 DEBUG [ea111bae] Finished in 0.049 seconds with exit status 0 (successful).
 DEBUG [a2aaf78b] Running /usr/bin/env cat /var/www/TalkAway/current/REVISION 2>/dev/null as poweruser@djangochat.srvz-webapp.he-arc.ch
 DEBUG [a2aaf78b] Command: /usr/bin/env cat /var/www/TalkAway/current/REVISION 2>/dev/null
 DEBUG [fb1125e3] 	bbc0e82089b1ccb64eec514b18b170ad8e2bf7da
 DEBUG [fb1125e3] Finished in 0.054 seconds with exit status 0 (successful).
 DEBUG [8f825791] Running [ -f /var/www/TalkAway/repo/HEAD ] as poweruser@djangochat.srvz-webapp.he-arc.ch
 DEBUG [8f825791] Command: [ -f /var/www/TalkAway/repo/HEAD ]
 DEBUG [aca6a0bb] Finished in 0.048 seconds with exit status 0 (successful).
  INFO The repository mirror is at /var/www/TalkAway/repo
 DEBUG [d33ce840] Running if test ! -d /var/www/TalkAway/repo; then echo "Directory does not exist '/var/www/TalkAway/repo'" 1>&2; false; fi as poweruser@djangochat.srvz-webapp.he-arc.ch
 DEBUG [d33ce840] Command: if test ! -d /var/www/TalkAway/repo; then echo "Directory does not exist '/var/www/TalkAway/repo'" 1>&2; false; fi
 DEBUG [7bc1e32e] Finished in 0.052 seconds with exit status 0 (successful).
  INFO [9cb717c6] Running /usr/bin/env git remote set-url origin git@github.com:HE-Arc/TalkAway.git as poweruser@djangochat.srvz-webapp.he-arc.ch
 DEBUG [9cb717c6] Command: cd /var/www/TalkAway/repo && ( export GIT_ASKPASS="/bin/echo" GIT_SSH="/tmp/git-ssh-TalkAway-production-sergiy.sh" ; /usr/bin/env git remote set-url origin git@github.com:HE-Arc/TalkAway.git )
  INFO [9ccfc5c9] Finished in 0.056 seconds with exit status 0 (successful).
  INFO [9cb066b0] Running /usr/bin/env git remote update --prune as poweruser@djangochat.srvz-webapp.he-arc.ch
 DEBUG [9cb066b0] Command: cd /var/www/TalkAway/repo && ( export GIT_ASKPASS="/bin/echo" GIT_SSH="/tmp/git-ssh-TalkAway-production-sergiy.sh" ; /usr/bin/env git remote update --prune )
 DEBUG [0cd9ae73] 	Fetching origin
  INFO [0cd9ae73] Finished in 1.296 seconds with exit status 0 (successful).
 DEBUG [4d25c830] Running if test ! -d /var/www/TalkAway/repo; then echo "Directory does not exist '/var/www/TalkAway/repo'" 1>&2; false; fi as poweruser@djangochat.srvz-webapp.he-arc.ch
 DEBUG [4d25c830] Command: if test ! -d /var/www/TalkAway/repo; then echo "Directory does not exist '/var/www/TalkAway/repo'" 1>&2; false; fi
 DEBUG [b41dd5e9] Finished in 0.049 seconds with exit status 0 (successful).
  INFO [6d0b2301] Running /usr/bin/env mkdir -p /var/www/TalkAway/releases/20190307153618 as poweruser@djangochat.srvz-webapp.he-arc.ch
 DEBUG [6d0b2301] Command: cd /var/www/TalkAway/repo && ( export GIT_ASKPASS="/bin/echo" GIT_SSH="/tmp/git-ssh-TalkAway-production-sergiy.sh" ; /usr/bin/env mkdir -p /var/www/TalkAway/releases/20190307153618 )
  INFO [aca4f696] Finished in 0.055 seconds with exit status 0 (successful).
  INFO [2bd3efc0] Running /usr/bin/env git archive master | /usr/bin/env tar -x -f - -C /var/www/TalkAway/releases/20190307153618 as poweruser@djangochat.srvz-webapp.he-arc.ch
 DEBUG [2bd3efc0] Command: cd /var/www/TalkAway/repo && ( export GIT_ASKPASS="/bin/echo" GIT_SSH="/tmp/git-ssh-TalkAway-production-sergiy.sh" ; /usr/bin/env git archive master | /usr/bin/env tar -x -f - -C /var/www/TalkAway/releases/20190307153618 )
  INFO [07adbf39] Finished in 0.064 seconds with exit status 0 (successful).
 DEBUG [774030a4] Running if test ! -d /var/www/TalkAway/repo; then echo "Directory does not exist '/var/www/TalkAway/repo'" 1>&2; false; fi as poweruser@djangochat.srvz-webapp.he-arc.ch
 DEBUG [774030a4] Command: if test ! -d /var/www/TalkAway/repo; then echo "Directory does not exist '/var/www/TalkAway/repo'" 1>&2; false; fi
 DEBUG [34d85799] Finished in 0.065 seconds with exit status 0 (successful).
 DEBUG [18de8185] Running /usr/bin/env git rev-list --max-count=1 master as poweruser@djangochat.srvz-webapp.he-arc.ch
 DEBUG [18de8185] Command: cd /var/www/TalkAway/repo && ( export GIT_ASKPASS="/bin/echo" GIT_SSH="/tmp/git-ssh-TalkAway-production-sergiy.sh" ; /usr/bin/env git rev-list --max-count=1 master )
 DEBUG [29374194] 	bbc0e82089b1ccb64eec514b18b170ad8e2bf7da
 DEBUG [29374194] Finished in 0.059 seconds with exit status 0 (successful).
 DEBUG [932ce046] Running if test ! -d /var/www/TalkAway/releases/20190307153618; then echo "Directory does not exist '/var/www/TalkAway/releases/20190307153618'" 1>&2; false; fi as poweruser@djangochat.srvz-webapp.he-arc.ch
 DEBUG [932ce046] Command: if test ! -d /var/www/TalkAway/releases/20190307153618; then echo "Directory does not exist '/var/www/TalkAway/releases/20190307153618'" 1>&2; false; fi
 DEBUG [90051f34] Finished in 0.052 seconds with exit status 0 (successful).
  INFO [155ca476] Running /usr/bin/env echo "bbc0e82089b1ccb64eec514b18b170ad8e2bf7da" > REVISION as poweruser@djangochat.srvz-webapp.he-arc.ch
 DEBUG [155ca476] Command: cd /var/www/TalkAway/releases/20190307153618 && /usr/bin/env echo "bbc0e82089b1ccb64eec514b18b170ad8e2bf7da" > REVISION
  INFO [5057767a] Finished in 0.058 seconds with exit status 0 (successful).
  INFO [513392ac] Running python3.6 -m venv /var/www/TalkAway/shared/env as poweruser@djangochat.srvz-webapp.he-arc.ch
 DEBUG [513392ac] Command: python3.6 -m venv /var/www/TalkAway/shared/env
  INFO [c7a4b944] Finished in 1.465 seconds with exit status 0 (successful).
  INFO [e97f89b4] Running source /var/www/TalkAway/shared/env/bin/activate as poweruser@djangochat.srvz-webapp.he-arc.ch
 DEBUG [e97f89b4] Command: source /var/www/TalkAway/shared/env/bin/activate
  INFO [9af97eb8] Finished in 0.050 seconds with exit status 0 (successful).
  INFO [f8d18a0f] Running /var/www/TalkAway/shared/env/bin/pip3 install –r /var/www/TalkAway/releases/20190307153618/requirements.txt as poweruser@djangochat.srvz-webapp.he-arc.ch
 DEBUG [f8d18a0f] Command: /var/www/TalkAway/shared/env/bin/pip3 install –r /var/www/TalkAway/releases/20190307153618/requirements.txt
 DEBUG [96d1f169] 	Invalid requirement: '–r'
Traceback (most recent call last):
  File "/var/www/TalkAway/shared/env/share/python-wheels/packaging-17.1-py2.py3-none-any.whl/packaging/requirements.py", line 93, in __init__
    req = REQUIREMENT.parseString(requirement_string)
  File "/var/www/TalkAway/shared/env/share/python-wheels/pyparsing-2.2.0-py2.py3-none-any.whl/pyparsing.py", line 1632, in parseString
    raise exc
  File "/var/www/TalkAway/shared/env/share/python-wheels/pyparsing-2.2.0-py2.py3-none-any.whl/pyparsing.py", line 1622, in parseString
    loc, tokens = self._parse( instring, 0 )
  File "/var/www/TalkAway/shared/env/share/python-wheels/pyparsing-2.2.0-py2.py3-none-any.whl/pyparsing.py", line 1379, in _parseNoCache
    loc,tokens = self.parseImpl( instring, preloc, doActions )
  File "/var/www/TalkAway/shared/env/share/python-wheels/pyparsing-2.2.0-py2.py3-none-any.whl/pyparsing.py", line 3395, in parseImpl
    loc, exprtokens = e._parse( instring, loc, doActions )
  File "/var/www/TalkAway/shared/env/share/python-wheels/pyparsing-2.2.0-py2.py3-none-any.whl/pyparsing.py", line 1379, in _parseNoCache
    loc,tokens = self.parseImpl( instring, preloc, doActions )
  File "/var/www/TalkAway/shared/env/share/python-wheels/pyparsing-2.2.0-py2.py3-none-any.whl/pyparsing.py", line 3717, in parseImpl
    return self.expr._parse( instring, loc, doActions, callPreParse=False )
  File "/var/www/TalkAway/shared/env/share/python-wheels/pyparsing-2.2.0-py2.py3-none-any.whl/pyparsing.py", line 1379, in _parseNoCache
    loc,tokens = self.parseImpl( instring, preloc, doActions )
  File "/var/www/TalkAway/shared/env/share/python-wheels/pyparsing-2.2.0-py2.py3-none-any.whl/pyparsing.py", line 3378, in parseImpl
    loc, resultlist = self.exprs[0]._parse( instring, loc, doActions, callPreParse=False )
  File "/var/www/TalkAway/shared/env/share/python-wheels/pyparsing-2.2.0-py2.py3-none-any.whl/pyparsing.py", line 1383, in _parseNoCache
    loc,tokens = self.parseImpl( instring, preloc, doActions )
  File "/var/www/TalkAway/shared/env/share/python-wheels/pyparsing-2.2.0-py2.py3-none-any.whl/pyparsing.py", line 2689, in parseImpl
    raise ParseException(instring, loc, self.errmsg, self)
pyparsing.ParseException: Expected W:(abcd...) (at char 0), (line:1, col:1)

During handling of the above exception, another exception occurred:

Traceback (most recent call last):
  File "/var/www/TalkAway/shared/env/lib/python3.6/site-packages/pip/req/req_install.py", line 82, in __init__
    req = Requirement(req)
  File "/var/www/TalkAway/shared/env/share/python-wheels/packaging-17.1-py2.py3-none-any.whl/packaging/requirements.py", line 97, in __init__
    requirement_string[e.loc:e.loc + 8]))
pip._vendor.packaging.requirements.InvalidRequirement: Invalid requirement, parse error at "'–r'"

  INFO ---------------------------------------------------------------------------
  INFO START 2019-03-07 16:38:52 +0100 cap production deploy
  INFO ---------------------------------------------------------------------------
  INFO [2770ffa6] Running /usr/bin/env mkdir -p /tmp as poweruser@djangochat.srvz-webapp.he-arc.ch
 DEBUG [2770ffa6] Command: /usr/bin/env mkdir -p /tmp
  INFO [ed0a6890] Finished in 0.192 seconds with exit status 0 (successful).
 DEBUG Uploading /tmp/git-ssh-TalkAway-production-sergiy.sh 0.0%
  INFO Uploading /tmp/git-ssh-TalkAway-production-sergiy.sh 100.0%
  INFO [6a6d50f4] Running /usr/bin/env chmod 700 /tmp/git-ssh-TalkAway-production-sergiy.sh as poweruser@djangochat.srvz-webapp.he-arc.ch
 DEBUG [6a6d50f4] Command: /usr/bin/env chmod 700 /tmp/git-ssh-TalkAway-production-sergiy.sh
  INFO [4dd0e288] Finished in 0.052 seconds with exit status 0 (successful).
  INFO [6e88dc29] Running /usr/bin/env git ls-remote git@github.com:HE-Arc/TalkAway.git HEAD as poweruser@djangochat.srvz-webapp.he-arc.ch
 DEBUG [6e88dc29] Command: ( export GIT_ASKPASS="/bin/echo" GIT_SSH="/tmp/git-ssh-TalkAway-production-sergiy.sh" ; /usr/bin/env git ls-remote git@github.com:HE-Arc/TalkAway.git HEAD )
 DEBUG [95c5b10e] 	bbc0e82089b1ccb64eec514b18b170ad8e2bf7da	HEAD
  INFO [95c5b10e] Finished in 1.321 seconds with exit status 0 (successful).
  INFO [2ee59c1c] Running /usr/bin/env mkdir -p /var/www/TalkAway/shared /var/www/TalkAway/releases as poweruser@djangochat.srvz-webapp.he-arc.ch
 DEBUG [2ee59c1c] Command: /usr/bin/env mkdir -p /var/www/TalkAway/shared /var/www/TalkAway/releases
  INFO [2e7b36e8] Finished in 0.009 seconds with exit status 0 (successful).
 DEBUG [c1b43ce8] Running [ -f /var/www/TalkAway/current/REVISION ] as poweruser@djangochat.srvz-webapp.he-arc.ch
 DEBUG [c1b43ce8] Command: [ -f /var/www/TalkAway/current/REVISION ]
 DEBUG [1bdb2d07] Finished in 0.050 seconds with exit status 0 (successful).
 DEBUG [bc247d77] Running /usr/bin/env cat /var/www/TalkAway/current/REVISION 2>/dev/null as poweruser@djangochat.srvz-webapp.he-arc.ch
 DEBUG [bc247d77] Command: /usr/bin/env cat /var/www/TalkAway/current/REVISION 2>/dev/null
 DEBUG [957d6a0f] 	bbc0e82089b1ccb64eec514b18b170ad8e2bf7da
 DEBUG [957d6a0f] Finished in 0.053 seconds with exit status 0 (successful).
 DEBUG [7f3a411c] Running [ -f /var/www/TalkAway/repo/HEAD ] as poweruser@djangochat.srvz-webapp.he-arc.ch
 DEBUG [7f3a411c] Command: [ -f /var/www/TalkAway/repo/HEAD ]
 DEBUG [20c19140] Finished in 0.049 seconds with exit status 0 (successful).
  INFO The repository mirror is at /var/www/TalkAway/repo
 DEBUG [2aab5c60] Running if test ! -d /var/www/TalkAway/repo; then echo "Directory does not exist '/var/www/TalkAway/repo'" 1>&2; false; fi as poweruser@djangochat.srvz-webapp.he-arc.ch
 DEBUG [2aab5c60] Command: if test ! -d /var/www/TalkAway/repo; then echo "Directory does not exist '/var/www/TalkAway/repo'" 1>&2; false; fi
 DEBUG [7f21956b] Finished in 0.051 seconds with exit status 0 (successful).
  INFO [584a1cff] Running /usr/bin/env git remote set-url origin git@github.com:HE-Arc/TalkAway.git as poweruser@djangochat.srvz-webapp.he-arc.ch
 DEBUG [584a1cff] Command: cd /var/www/TalkAway/repo && ( export GIT_ASKPASS="/bin/echo" GIT_SSH="/tmp/git-ssh-TalkAway-production-sergiy.sh" ; /usr/bin/env git remote set-url origin git@github.com:HE-Arc/TalkAway.git )
  INFO [6c2b6491] Finished in 0.055 seconds with exit status 0 (successful).
  INFO [f6df31c1] Running /usr/bin/env git remote update --prune as poweruser@djangochat.srvz-webapp.he-arc.ch
 DEBUG [f6df31c1] Command: cd /var/www/TalkAway/repo && ( export GIT_ASKPASS="/bin/echo" GIT_SSH="/tmp/git-ssh-TalkAway-production-sergiy.sh" ; /usr/bin/env git remote update --prune )
 DEBUG [715a5925] 	Fetching origin
  INFO [715a5925] Finished in 1.274 seconds with exit status 0 (successful).
 DEBUG [da94f297] Running if test ! -d /var/www/TalkAway/repo; then echo "Directory does not exist '/var/www/TalkAway/repo'" 1>&2; false; fi as poweruser@djangochat.srvz-webapp.he-arc.ch
 DEBUG [da94f297] Command: if test ! -d /var/www/TalkAway/repo; then echo "Directory does not exist '/var/www/TalkAway/repo'" 1>&2; false; fi
 DEBUG [6bcd778f] Finished in 0.051 seconds with exit status 0 (successful).
  INFO [63ede2f1] Running /usr/bin/env mkdir -p /var/www/TalkAway/releases/20190307153854 as poweruser@djangochat.srvz-webapp.he-arc.ch
 DEBUG [63ede2f1] Command: cd /var/www/TalkAway/repo && ( export GIT_ASKPASS="/bin/echo" GIT_SSH="/tmp/git-ssh-TalkAway-production-sergiy.sh" ; /usr/bin/env mkdir -p /var/www/TalkAway/releases/20190307153854 )
  INFO [c1748d3d] Finished in 0.055 seconds with exit status 0 (successful).
  INFO [891eb9c1] Running /usr/bin/env git archive master | /usr/bin/env tar -x -f - -C /var/www/TalkAway/releases/20190307153854 as poweruser@djangochat.srvz-webapp.he-arc.ch
 DEBUG [891eb9c1] Command: cd /var/www/TalkAway/repo && ( export GIT_ASKPASS="/bin/echo" GIT_SSH="/tmp/git-ssh-TalkAway-production-sergiy.sh" ; /usr/bin/env git archive master | /usr/bin/env tar -x -f - -C /var/www/TalkAway/releases/20190307153854 )
  INFO [9129d93e] Finished in 0.065 seconds with exit status 0 (successful).
 DEBUG [b359586b] Running if test ! -d /var/www/TalkAway/repo; then echo "Directory does not exist '/var/www/TalkAway/repo'" 1>&2; false; fi as poweruser@djangochat.srvz-webapp.he-arc.ch
 DEBUG [b359586b] Command: if test ! -d /var/www/TalkAway/repo; then echo "Directory does not exist '/var/www/TalkAway/repo'" 1>&2; false; fi
 DEBUG [0544572d] Finished in 0.049 seconds with exit status 0 (successful).
 DEBUG [2d3d4db7] Running /usr/bin/env git rev-list --max-count=1 master as poweruser@djangochat.srvz-webapp.he-arc.ch
 DEBUG [2d3d4db7] Command: cd /var/www/TalkAway/repo && ( export GIT_ASKPASS="/bin/echo" GIT_SSH="/tmp/git-ssh-TalkAway-production-sergiy.sh" ; /usr/bin/env git rev-list --max-count=1 master )
 DEBUG [3e39a00a] 	bbc0e82089b1ccb64eec514b18b170ad8e2bf7da
 DEBUG [3e39a00a] Finished in 0.054 seconds with exit status 0 (successful).
 DEBUG [27b54369] Running if test ! -d /var/www/TalkAway/releases/20190307153854; then echo "Directory does not exist '/var/www/TalkAway/releases/20190307153854'" 1>&2; false; fi as poweruser@djangochat.srvz-webapp.he-arc.ch
 DEBUG [27b54369] Command: if test ! -d /var/www/TalkAway/releases/20190307153854; then echo "Directory does not exist '/var/www/TalkAway/releases/20190307153854'" 1>&2; false; fi
 DEBUG [432de47d] Finished in 0.056 seconds with exit status 0 (successful).
  INFO [0e7676df] Running /usr/bin/env echo "bbc0e82089b1ccb64eec514b18b170ad8e2bf7da" > REVISION as poweruser@djangochat.srvz-webapp.he-arc.ch
 DEBUG [0e7676df] Command: cd /var/www/TalkAway/releases/20190307153854 && /usr/bin/env echo "bbc0e82089b1ccb64eec514b18b170ad8e2bf7da" > REVISION
  INFO [65bd23bb] Finished in 0.055 seconds with exit status 0 (successful).
  INFO [952a0873] Running python3.6 -m venv /var/www/TalkAway/shared/env as poweruser@djangochat.srvz-webapp.he-arc.ch
 DEBUG [952a0873] Command: python3.6 -m venv /var/www/TalkAway/shared/env
  INFO [450b4451] Finished in 1.473 seconds with exit status 0 (successful).
  INFO [2b424471] Running source /var/www/TalkAway/shared/env/bin/activate as poweruser@djangochat.srvz-webapp.he-arc.ch
 DEBUG [2b424471] Command: source /var/www/TalkAway/shared/env/bin/activate
  INFO [77675284] Finished in 0.050 seconds with exit status 0 (successful).
  INFO [4112f5f5] Running /var/www/TalkAway/shared/env/bin/pip install –r /var/www/TalkAway/releases/20190307153854/api/requirements.txt as poweruser@djangochat.srvz-webapp.he-arc.ch
 DEBUG [4112f5f5] Command: /var/www/TalkAway/shared/env/bin/pip install –r /var/www/TalkAway/releases/20190307153854/api/requirements.txt
 DEBUG [33790905] 	Invalid requirement: '–r'
Traceback (most recent call last):
  File "/var/www/TalkAway/shared/env/share/python-wheels/packaging-17.1-py2.py3-none-any.whl/packaging/requirements.py", line 93, in __init__
    req = REQUIREMENT.parseString(requirement_string)
  File "/var/www/TalkAway/shared/env/share/python-wheels/pyparsing-2.2.0-py2.py3-none-any.whl/pyparsing.py", line 1632, in parseString
    raise exc
  File "/var/www/TalkAway/shared/env/share/python-wheels/pyparsing-2.2.0-py2.py3-none-any.whl/pyparsing.py", line 1622, in parseString
    loc, tokens = self._parse( instring, 0 )
  File "/var/www/TalkAway/shared/env/share/python-wheels/pyparsing-2.2.0-py2.py3-none-any.whl/pyparsing.py", line 1379, in _parseNoCache
    loc,tokens = self.parseImpl( instring, preloc, doActions )
  File "/var/www/TalkAway/shared/env/share/python-wheels/pyparsing-2.2.0-py2.py3-none-any.whl/pyparsing.py", line 3395, in parseImpl
    loc, exprtokens = e._parse( instring, loc, doActions )
  File "/var/www/TalkAway/shared/env/share/python-wheels/pyparsing-2.2.0-py2.py3-none-any.whl/pyparsing.py", line 1379, in _parseNoCache
    loc,tokens = self.parseImpl( instring, preloc, doActions )
  File "/var/www/TalkAway/shared/env/share/python-wheels/pyparsing-2.2.0-py2.py3-none-any.whl/pyparsing.py", line 3717, in parseImpl
    return self.expr._parse( instring, loc, doActions, callPreParse=False )
  File "/var/www/TalkAway/shared/env/share/python-wheels/pyparsing-2.2.0-py2.py3-none-any.whl/pyparsing.py", line 1379, in _parseNoCache
    loc,tokens = self.parseImpl( instring, preloc, doActions )
  File "/var/www/TalkAway/shared/env/share/python-wheels/pyparsing-2.2.0-py2.py3-none-any.whl/pyparsing.py", line 3378, in parseImpl
    loc, resultlist = self.exprs[0]._parse( instring, loc, doActions, callPreParse=False )
  File "/var/www/TalkAway/shared/env/share/python-wheels/pyparsing-2.2.0-py2.py3-none-any.whl/pyparsing.py", line 1383, in _parseNoCache
    loc,tokens = self.parseImpl( instring, preloc, doActions )
  File "/var/www/TalkAway/shared/env/share/python-wheels/pyparsing-2.2.0-py2.py3-none-any.whl/pyparsing.py", line 2689, in parseImpl
    raise ParseException(instring, loc, self.errmsg, self)
pyparsing.ParseException: Expected W:(abcd...) (at char 0), (line:1, col:1)

During handling of the above exception, another exception occurred:

Traceback (most recent call last):
  File "/var/www/TalkAway/shared/env/lib/python3.6/site-packages/pip/req/req_install.py", line 82, in __init__
    req = Requirement(req)
  File "/var/www/TalkAway/shared/env/share/python-wheels/packaging-17.1-py2.py3-none-any.whl/packaging/requirements.py", line 97, in __init__
    requirement_string[e.loc:e.loc + 8]))
pip._vendor.packaging.requirements.InvalidRequirement: Invalid requirement, parse error at "'–r'"

  INFO ---------------------------------------------------------------------------
  INFO START 2019-03-07 16:42:02 +0100 cap production deploy
  INFO ---------------------------------------------------------------------------
  INFO [016c5404] Running /usr/bin/env mkdir -p /tmp as poweruser@djangochat.srvz-webapp.he-arc.ch
 DEBUG [016c5404] Command: /usr/bin/env mkdir -p /tmp
  INFO [22fc7c96] Finished in 0.246 seconds with exit status 0 (successful).
 DEBUG Uploading /tmp/git-ssh-TalkAway-production-sergiy.sh 0.0%
  INFO Uploading /tmp/git-ssh-TalkAway-production-sergiy.sh 100.0%
  INFO [ee9b7e5a] Running /usr/bin/env chmod 700 /tmp/git-ssh-TalkAway-production-sergiy.sh as poweruser@djangochat.srvz-webapp.he-arc.ch
 DEBUG [ee9b7e5a] Command: /usr/bin/env chmod 700 /tmp/git-ssh-TalkAway-production-sergiy.sh
  INFO [bc82a9e6] Finished in 0.059 seconds with exit status 0 (successful).
  INFO [ecd7d931] Running /usr/bin/env git ls-remote git@github.com:HE-Arc/TalkAway.git HEAD as poweruser@djangochat.srvz-webapp.he-arc.ch
 DEBUG [ecd7d931] Command: ( export GIT_ASKPASS="/bin/echo" GIT_SSH="/tmp/git-ssh-TalkAway-production-sergiy.sh" ; /usr/bin/env git ls-remote git@github.com:HE-Arc/TalkAway.git HEAD )
 DEBUG [555f3837] 	bbc0e82089b1ccb64eec514b18b170ad8e2bf7da	HEAD
  INFO [555f3837] Finished in 3.376 seconds with exit status 0 (successful).
  INFO [a6e8b828] Running /usr/bin/env mkdir -p /var/www/TalkAway/shared /var/www/TalkAway/releases as poweruser@djangochat.srvz-webapp.he-arc.ch
 DEBUG [a6e8b828] Command: /usr/bin/env mkdir -p /var/www/TalkAway/shared /var/www/TalkAway/releases
  INFO [e769d7a0] Finished in 0.010 seconds with exit status 0 (successful).
 DEBUG [7fd22c18] Running [ -f /var/www/TalkAway/current/REVISION ] as poweruser@djangochat.srvz-webapp.he-arc.ch
 DEBUG [7fd22c18] Command: [ -f /var/www/TalkAway/current/REVISION ]
 DEBUG [ece55fdb] Finished in 0.049 seconds with exit status 0 (successful).
 DEBUG [1a671f95] Running /usr/bin/env cat /var/www/TalkAway/current/REVISION 2>/dev/null as poweruser@djangochat.srvz-webapp.he-arc.ch
 DEBUG [1a671f95] Command: /usr/bin/env cat /var/www/TalkAway/current/REVISION 2>/dev/null
 DEBUG [d9d12aa4] 	bbc0e82089b1ccb64eec514b18b170ad8e2bf7da
 DEBUG [d9d12aa4] Finished in 0.055 seconds with exit status 0 (successful).
 DEBUG [eea88f05] Running [ -f /var/www/TalkAway/repo/HEAD ] as poweruser@djangochat.srvz-webapp.he-arc.ch
 DEBUG [eea88f05] Command: [ -f /var/www/TalkAway/repo/HEAD ]
 DEBUG [2f0fe0cc] Finished in 0.052 seconds with exit status 0 (successful).
  INFO The repository mirror is at /var/www/TalkAway/repo
 DEBUG [0e43d329] Running if test ! -d /var/www/TalkAway/repo; then echo "Directory does not exist '/var/www/TalkAway/repo'" 1>&2; false; fi as poweruser@djangochat.srvz-webapp.he-arc.ch
 DEBUG [0e43d329] Command: if test ! -d /var/www/TalkAway/repo; then echo "Directory does not exist '/var/www/TalkAway/repo'" 1>&2; false; fi
 DEBUG [dd4c8e68] Finished in 0.052 seconds with exit status 0 (successful).
  INFO [fa9cc63a] Running /usr/bin/env git remote set-url origin git@github.com:HE-Arc/TalkAway.git as poweruser@djangochat.srvz-webapp.he-arc.ch
 DEBUG [fa9cc63a] Command: cd /var/www/TalkAway/repo && ( export GIT_ASKPASS="/bin/echo" GIT_SSH="/tmp/git-ssh-TalkAway-production-sergiy.sh" ; /usr/bin/env git remote set-url origin git@github.com:HE-Arc/TalkAway.git )
  INFO [985db1ad] Finished in 0.110 seconds with exit status 0 (successful).
  INFO [c36ceceb] Running /usr/bin/env git remote update --prune as poweruser@djangochat.srvz-webapp.he-arc.ch
 DEBUG [c36ceceb] Command: cd /var/www/TalkAway/repo && ( export GIT_ASKPASS="/bin/echo" GIT_SSH="/tmp/git-ssh-TalkAway-production-sergiy.sh" ; /usr/bin/env git remote update --prune )
 DEBUG [83ea7873] 	Fetching origin
  INFO [83ea7873] Finished in 1.904 seconds with exit status 0 (successful).
 DEBUG [f02d48f9] Running if test ! -d /var/www/TalkAway/repo; then echo "Directory does not exist '/var/www/TalkAway/repo'" 1>&2; false; fi as poweruser@djangochat.srvz-webapp.he-arc.ch
 DEBUG [f02d48f9] Command: if test ! -d /var/www/TalkAway/repo; then echo "Directory does not exist '/var/www/TalkAway/repo'" 1>&2; false; fi
 DEBUG [b28abc38] Finished in 0.054 seconds with exit status 0 (successful).
  INFO [83e60216] Running /usr/bin/env mkdir -p /var/www/TalkAway/releases/20190307154206 as poweruser@djangochat.srvz-webapp.he-arc.ch
 DEBUG [83e60216] Command: cd /var/www/TalkAway/repo && ( export GIT_ASKPASS="/bin/echo" GIT_SSH="/tmp/git-ssh-TalkAway-production-sergiy.sh" ; /usr/bin/env mkdir -p /var/www/TalkAway/releases/20190307154206 )
  INFO [71b0836e] Finished in 0.054 seconds with exit status 0 (successful).
  INFO [3dd0601d] Running /usr/bin/env git archive master | /usr/bin/env tar -x -f - -C /var/www/TalkAway/releases/20190307154206 as poweruser@djangochat.srvz-webapp.he-arc.ch
 DEBUG [3dd0601d] Command: cd /var/www/TalkAway/repo && ( export GIT_ASKPASS="/bin/echo" GIT_SSH="/tmp/git-ssh-TalkAway-production-sergiy.sh" ; /usr/bin/env git archive master | /usr/bin/env tar -x -f - -C /var/www/TalkAway/releases/20190307154206 )
  INFO [02370f63] Finished in 0.063 seconds with exit status 0 (successful).
 DEBUG [60e0458f] Running if test ! -d /var/www/TalkAway/repo; then echo "Directory does not exist '/var/www/TalkAway/repo'" 1>&2; false; fi as poweruser@djangochat.srvz-webapp.he-arc.ch
 DEBUG [60e0458f] Command: if test ! -d /var/www/TalkAway/repo; then echo "Directory does not exist '/var/www/TalkAway/repo'" 1>&2; false; fi
 DEBUG [1e29941d] Finished in 0.050 seconds with exit status 0 (successful).
 DEBUG [1241d102] Running /usr/bin/env git rev-list --max-count=1 master as poweruser@djangochat.srvz-webapp.he-arc.ch
 DEBUG [1241d102] Command: cd /var/www/TalkAway/repo && ( export GIT_ASKPASS="/bin/echo" GIT_SSH="/tmp/git-ssh-TalkAway-production-sergiy.sh" ; /usr/bin/env git rev-list --max-count=1 master )
 DEBUG [3c6dd081] 	bbc0e82089b1ccb64eec514b18b170ad8e2bf7da
 DEBUG [3c6dd081] Finished in 0.054 seconds with exit status 0 (successful).
 DEBUG [6ed0bf48] Running if test ! -d /var/www/TalkAway/releases/20190307154206; then echo "Directory does not exist '/var/www/TalkAway/releases/20190307154206'" 1>&2; false; fi as poweruser@djangochat.srvz-webapp.he-arc.ch
 DEBUG [6ed0bf48] Command: if test ! -d /var/www/TalkAway/releases/20190307154206; then echo "Directory does not exist '/var/www/TalkAway/releases/20190307154206'" 1>&2; false; fi
 DEBUG [4c10a5aa] Finished in 0.053 seconds with exit status 0 (successful).
  INFO [52a444d0] Running /usr/bin/env echo "bbc0e82089b1ccb64eec514b18b170ad8e2bf7da" > REVISION as poweruser@djangochat.srvz-webapp.he-arc.ch
 DEBUG [52a444d0] Command: cd /var/www/TalkAway/releases/20190307154206 && /usr/bin/env echo "bbc0e82089b1ccb64eec514b18b170ad8e2bf7da" > REVISION
  INFO [760aa8b4] Finished in 0.053 seconds with exit status 0 (successful).
  INFO [fb23e5f5] Running python3.6 -m venv /var/www/TalkAway/shared/env as poweruser@djangochat.srvz-webapp.he-arc.ch
 DEBUG [fb23e5f5] Command: python3.6 -m venv /var/www/TalkAway/shared/env
  INFO [68eab392] Finished in 1.464 seconds with exit status 0 (successful).
  INFO [c36b97ac] Running source /var/www/TalkAway/shared/env/bin/activate as poweruser@djangochat.srvz-webapp.he-arc.ch
 DEBUG [c36b97ac] Command: source /var/www/TalkAway/shared/env/bin/activate
  INFO [cc273a23] Finished in 0.149 seconds with exit status 0 (successful).
  INFO [6f8e94e4] Running /var/www/TalkAway/shared/env/bin/pip install –r /var/www/TalkAway/releases/20190307154206/api/requirements.txt as poweruser@djangochat.srvz-webapp.he-arc.ch
 DEBUG [6f8e94e4] Command: /var/www/TalkAway/shared/env/bin/pip install –r /var/www/TalkAway/releases/20190307154206/api/requirements.txt
 DEBUG [087c0cb2] 	Invalid requirement: '–r'
Traceback (most recent call last):
  File "/var/www/TalkAway/shared/env/share/python-wheels/packaging-17.1-py2.py3-none-any.whl/packaging/requirements.py", line 93, in __init__
    req = REQUIREMENT.parseString(requirement_string)
  File "/var/www/TalkAway/shared/env/share/python-wheels/pyparsing-2.2.0-py2.py3-none-any.whl/pyparsing.py", line 1632, in parseString
    raise exc
  File "/var/www/TalkAway/shared/env/share/python-wheels/pyparsing-2.2.0-py2.py3-none-any.whl/pyparsing.py", line 1622, in parseString
    loc, tokens = self._parse( instring, 0 )
  File "/var/www/TalkAway/shared/env/share/python-wheels/pyparsing-2.2.0-py2.py3-none-any.whl/pyparsing.py", line 1379, in _parseNoCache
    loc,tokens = self.parseImpl( instring, preloc, doActions )
  File "/var/www/TalkAway/shared/env/share/python-wheels/pyparsing-2.2.0-py2.py3-none-any.whl/pyparsing.py", line 3395, in parseImpl
    loc, exprtokens = e._parse( instring, loc, doActions )
  File "/var/www/TalkAway/shared/env/share/python-wheels/pyparsing-2.2.0-py2.py3-none-any.whl/pyparsing.py", line 1379, in _parseNoCache
    loc,tokens = self.parseImpl( instring, preloc, doActions )
  File "/var/www/TalkAway/shared/env/share/python-wheels/pyparsing-2.2.0-py2.py3-none-any.whl/pyparsing.py", line 3717, in parseImpl
    return self.expr._parse( instring, loc, doActions, callPreParse=False )
  File "/var/www/TalkAway/shared/env/share/python-wheels/pyparsing-2.2.0-py2.py3-none-any.whl/pyparsing.py", line 1379, in _parseNoCache
    loc,tokens = self.parseImpl( instring, preloc, doActions )
  File "/var/www/TalkAway/shared/env/share/python-wheels/pyparsing-2.2.0-py2.py3-none-any.whl/pyparsing.py", line 3378, in parseImpl
    loc, resultlist = self.exprs[0]._parse( instring, loc, doActions, callPreParse=False )
  File "/var/www/TalkAway/shared/env/share/python-wheels/pyparsing-2.2.0-py2.py3-none-any.whl/pyparsing.py", line 1383, in _parseNoCache
    loc,tokens = self.parseImpl( instring, preloc, doActions )
  File "/var/www/TalkAway/shared/env/share/python-wheels/pyparsing-2.2.0-py2.py3-none-any.whl/pyparsing.py", line 2689, in parseImpl
    raise ParseException(instring, loc, self.errmsg, self)
pyparsing.ParseException: Expected W:(abcd...) (at char 0), (line:1, col:1)

During handling of the above exception, another exception occurred:

Traceback (most recent call last):
  File "/var/www/TalkAway/shared/env/lib/python3.6/site-packages/pip/req/req_install.py", line 82, in __init__
    req = Requirement(req)
  File "/var/www/TalkAway/shared/env/share/python-wheels/packaging-17.1-py2.py3-none-any.whl/packaging/requirements.py", line 97, in __init__
    requirement_string[e.loc:e.loc + 8]))
pip._vendor.packaging.requirements.InvalidRequirement: Invalid requirement, parse error at "'–r'"

  INFO ---------------------------------------------------------------------------
  INFO START 2019-03-07 16:46:05 +0100 cap production deploy
  INFO ---------------------------------------------------------------------------
  INFO [97913019] Running /usr/bin/env mkdir -p /tmp as poweruser@djangochat.srvz-webapp.he-arc.ch
 DEBUG [97913019] Command: /usr/bin/env mkdir -p /tmp
  INFO [37df4ce5] Finished in 0.200 seconds with exit status 0 (successful).
 DEBUG Uploading /tmp/git-ssh-TalkAway-production-sergiy.sh 0.0%
  INFO Uploading /tmp/git-ssh-TalkAway-production-sergiy.sh 100.0%
  INFO [b52afbff] Running /usr/bin/env chmod 700 /tmp/git-ssh-TalkAway-production-sergiy.sh as poweruser@djangochat.srvz-webapp.he-arc.ch
 DEBUG [b52afbff] Command: /usr/bin/env chmod 700 /tmp/git-ssh-TalkAway-production-sergiy.sh
  INFO [984ef15d] Finished in 0.053 seconds with exit status 0 (successful).
  INFO [3381f465] Running /usr/bin/env git ls-remote git@github.com:HE-Arc/TalkAway.git HEAD as poweruser@djangochat.srvz-webapp.he-arc.ch
 DEBUG [3381f465] Command: ( export GIT_ASKPASS="/bin/echo" GIT_SSH="/tmp/git-ssh-TalkAway-production-sergiy.sh" ; /usr/bin/env git ls-remote git@github.com:HE-Arc/TalkAway.git HEAD )
 DEBUG [ddd9ad25] 	bbc0e82089b1ccb64eec514b18b170ad8e2bf7da	HEAD
  INFO [ddd9ad25] Finished in 2.177 seconds with exit status 0 (successful).
  INFO [81215f04] Running /usr/bin/env mkdir -p /var/www/TalkAway/shared /var/www/TalkAway/releases as poweruser@djangochat.srvz-webapp.he-arc.ch
 DEBUG [81215f04] Command: /usr/bin/env mkdir -p /var/www/TalkAway/shared /var/www/TalkAway/releases
  INFO [540e6013] Finished in 0.012 seconds with exit status 0 (successful).
 DEBUG [c680cb05] Running [ -f /var/www/TalkAway/current/REVISION ] as poweruser@djangochat.srvz-webapp.he-arc.ch
 DEBUG [c680cb05] Command: [ -f /var/www/TalkAway/current/REVISION ]
 DEBUG [c6001a99] Finished in 0.050 seconds with exit status 0 (successful).
 DEBUG [3dcae90d] Running /usr/bin/env cat /var/www/TalkAway/current/REVISION 2>/dev/null as poweruser@djangochat.srvz-webapp.he-arc.ch
 DEBUG [3dcae90d] Command: /usr/bin/env cat /var/www/TalkAway/current/REVISION 2>/dev/null
 DEBUG [317872f7] 	bbc0e82089b1ccb64eec514b18b170ad8e2bf7da
 DEBUG [317872f7] Finished in 0.054 seconds with exit status 0 (successful).
 DEBUG [3b0a1a31] Running [ -f /var/www/TalkAway/repo/HEAD ] as poweruser@djangochat.srvz-webapp.he-arc.ch
 DEBUG [3b0a1a31] Command: [ -f /var/www/TalkAway/repo/HEAD ]
 DEBUG [1e9284b3] Finished in 0.048 seconds with exit status 0 (successful).
  INFO The repository mirror is at /var/www/TalkAway/repo
 DEBUG [87b8a8e2] Running if test ! -d /var/www/TalkAway/repo; then echo "Directory does not exist '/var/www/TalkAway/repo'" 1>&2; false; fi as poweruser@djangochat.srvz-webapp.he-arc.ch
 DEBUG [87b8a8e2] Command: if test ! -d /var/www/TalkAway/repo; then echo "Directory does not exist '/var/www/TalkAway/repo'" 1>&2; false; fi
 DEBUG [ae921aee] Finished in 0.051 seconds with exit status 0 (successful).
  INFO [22a1b33f] Running /usr/bin/env git remote set-url origin git@github.com:HE-Arc/TalkAway.git as poweruser@djangochat.srvz-webapp.he-arc.ch
 DEBUG [22a1b33f] Command: cd /var/www/TalkAway/repo && ( export GIT_ASKPASS="/bin/echo" GIT_SSH="/tmp/git-ssh-TalkAway-production-sergiy.sh" ; /usr/bin/env git remote set-url origin git@github.com:HE-Arc/TalkAway.git )
  INFO [5d6fa061] Finished in 0.056 seconds with exit status 0 (successful).
  INFO [f7f1dffa] Running /usr/bin/env git remote update --prune as poweruser@djangochat.srvz-webapp.he-arc.ch
 DEBUG [f7f1dffa] Command: cd /var/www/TalkAway/repo && ( export GIT_ASKPASS="/bin/echo" GIT_SSH="/tmp/git-ssh-TalkAway-production-sergiy.sh" ; /usr/bin/env git remote update --prune )
 DEBUG [754674df] 	Fetching origin
  INFO [754674df] Finished in 1.287 seconds with exit status 0 (successful).
 DEBUG [36735f51] Running if test ! -d /var/www/TalkAway/repo; then echo "Directory does not exist '/var/www/TalkAway/repo'" 1>&2; false; fi as poweruser@djangochat.srvz-webapp.he-arc.ch
 DEBUG [36735f51] Command: if test ! -d /var/www/TalkAway/repo; then echo "Directory does not exist '/var/www/TalkAway/repo'" 1>&2; false; fi
 DEBUG [3770e400] Finished in 0.050 seconds with exit status 0 (successful).
  INFO [40929660] Running /usr/bin/env mkdir -p /var/www/TalkAway/releases/20190307154608 as poweruser@djangochat.srvz-webapp.he-arc.ch
 DEBUG [40929660] Command: cd /var/www/TalkAway/repo && ( export GIT_ASKPASS="/bin/echo" GIT_SSH="/tmp/git-ssh-TalkAway-production-sergiy.sh" ; /usr/bin/env mkdir -p /var/www/TalkAway/releases/20190307154608 )
  INFO [fbf380c4] Finished in 0.055 seconds with exit status 0 (successful).
  INFO [14acc164] Running /usr/bin/env git archive master | /usr/bin/env tar -x -f - -C /var/www/TalkAway/releases/20190307154608 as poweruser@djangochat.srvz-webapp.he-arc.ch
 DEBUG [14acc164] Command: cd /var/www/TalkAway/repo && ( export GIT_ASKPASS="/bin/echo" GIT_SSH="/tmp/git-ssh-TalkAway-production-sergiy.sh" ; /usr/bin/env git archive master | /usr/bin/env tar -x -f - -C /var/www/TalkAway/releases/20190307154608 )
  INFO [db694a30] Finished in 0.067 seconds with exit status 0 (successful).
 DEBUG [5048a3cf] Running if test ! -d /var/www/TalkAway/repo; then echo "Directory does not exist '/var/www/TalkAway/repo'" 1>&2; false; fi as poweruser@djangochat.srvz-webapp.he-arc.ch
 DEBUG [5048a3cf] Command: if test ! -d /var/www/TalkAway/repo; then echo "Directory does not exist '/var/www/TalkAway/repo'" 1>&2; false; fi
 DEBUG [52e129a6] Finished in 0.154 seconds with exit status 0 (successful).
 DEBUG [ee241bae] Running /usr/bin/env git rev-list --max-count=1 master as poweruser@djangochat.srvz-webapp.he-arc.ch
 DEBUG [ee241bae] Command: cd /var/www/TalkAway/repo && ( export GIT_ASKPASS="/bin/echo" GIT_SSH="/tmp/git-ssh-TalkAway-production-sergiy.sh" ; /usr/bin/env git rev-list --max-count=1 master )
 DEBUG [e7d5c1cf] 	bbc0e82089b1ccb64eec514b18b170ad8e2bf7da
 DEBUG [e7d5c1cf] Finished in 0.081 seconds with exit status 0 (successful).
 DEBUG [6ff1dc85] Running if test ! -d /var/www/TalkAway/releases/20190307154608; then echo "Directory does not exist '/var/www/TalkAway/releases/20190307154608'" 1>&2; false; fi as poweruser@djangochat.srvz-webapp.he-arc.ch
 DEBUG [6ff1dc85] Command: if test ! -d /var/www/TalkAway/releases/20190307154608; then echo "Directory does not exist '/var/www/TalkAway/releases/20190307154608'" 1>&2; false; fi
 DEBUG [cdb2a7ab] Finished in 0.192 seconds with exit status 0 (successful).
  INFO [b9ae80fe] Running /usr/bin/env echo "bbc0e82089b1ccb64eec514b18b170ad8e2bf7da" > REVISION as poweruser@djangochat.srvz-webapp.he-arc.ch
 DEBUG [b9ae80fe] Command: cd /var/www/TalkAway/releases/20190307154608 && /usr/bin/env echo "bbc0e82089b1ccb64eec514b18b170ad8e2bf7da" > REVISION
  INFO [3d03c3ea] Finished in 0.109 seconds with exit status 0 (successful).
  INFO [b7ff5590] Running python3.6 -m venv /var/www/TalkAway/shared/env as poweruser@djangochat.srvz-webapp.he-arc.ch
 DEBUG [b7ff5590] Command: python3.6 -m venv /var/www/TalkAway/shared/env
  INFO [c6b8bed1] Finished in 1.670 seconds with exit status 0 (successful).
  INFO [233e7b37] Running source /var/www/TalkAway/shared/env/bin/activate as poweruser@djangochat.srvz-webapp.he-arc.ch
 DEBUG [233e7b37] Command: source /var/www/TalkAway/shared/env/bin/activate
  INFO [bb66c35a] Finished in 0.151 seconds with exit status 0 (successful).
  INFO [020d98d8] Running /var/www/TalkAway/shared/env/bin/pip install –r /var/www/TalkAway/releases/20190307154608/api/requirements.txt as poweruser@djangochat.srvz-webapp.he-arc.ch
 DEBUG [020d98d8] Command: /var/www/TalkAway/shared/env/bin/pip install –r /var/www/TalkAway/releases/20190307154608/api/requirements.txt
 DEBUG [b5b966cb] 	Invalid requirement: '–r'
Traceback (most recent call last):
  File "/var/www/TalkAway/shared/env/share/python-wheels/packaging-17.1-py2.py3-none-any.whl/packaging/requirements.py", line 93, in __init__
    req = REQUIREMENT.parseString(requirement_string)
  File "/var/www/TalkAway/shared/env/share/python-wheels/pyparsing-2.2.0-py2.py3-none-any.whl/pyparsing.py", line 1632, in parseString
    raise exc
  File "/var/www/TalkAway/shared/env/share/python-wheels/pyparsing-2.2.0-py2.py3-none-any.whl/pyparsing.py", line 1622, in parseString
    loc, tokens = self._parse( instring, 0 )
  File "/var/www/TalkAway/shared/env/share/python-wheels/pyparsing-2.2.0-py2.py3-none-any.whl/pyparsing.py", line 1379, in _parseNoCache
    loc,tokens = self.parseImpl( instring, preloc, doActions )
  File "/var/www/TalkAway/shared/env/share/python-wheels/pyparsing-2.2.0-py2.py3-none-any.whl/pyparsing.py", line 3395, in parseImpl
    loc, exprtokens = e._parse( instring, loc, doActions )
  File "/var/www/TalkAway/shared/env/share/python-wheels/pyparsing-2.2.0-py2.py3-none-any.whl/pyparsing.py", line 1379, in _parseNoCache
    loc,tokens = self.parseImpl( instring, preloc, doActions )
  File "/var/www/TalkAway/shared/env/share/python-wheels/pyparsing-2.2.0-py2.py3-none-any.whl/pyparsing.py", line 3717, in parseImpl
    return self.expr._parse( instring, loc, doActions, callPreParse=False )
  File "/var/www/TalkAway/shared/env/share/python-wheels/pyparsing-2.2.0-py2.py3-none-any.whl/pyparsing.py", line 1379, in _parseNoCache
    loc,tokens = self.parseImpl( instring, preloc, doActions )
  File "/var/www/TalkAway/shared/env/share/python-wheels/pyparsing-2.2.0-py2.py3-none-any.whl/pyparsing.py", line 3378, in parseImpl
    loc, resultlist = self.exprs[0]._parse( instring, loc, doActions, callPreParse=False )
  File "/var/www/TalkAway/shared/env/share/python-wheels/pyparsing-2.2.0-py2.py3-none-any.whl/pyparsing.py", line 1383, in _parseNoCache
    loc,tokens = self.parseImpl( instring, preloc, doActions )
  File "/var/www/TalkAway/shared/env/share/python-wheels/pyparsing-2.2.0-py2.py3-none-any.whl/pyparsing.py", line 2689, in parseImpl
    raise ParseException(instring, loc, self.errmsg, self)
pyparsing.ParseException: Expected W:(abcd...) (at char 0), (line:1, col:1)

During handling of the above exception, another exception occurred:

Traceback (most recent call last):
  File "/var/www/TalkAway/shared/env/lib/python3.6/site-packages/pip/req/req_install.py", line 82, in __init__
    req = Requirement(req)
  File "/var/www/TalkAway/shared/env/share/python-wheels/packaging-17.1-py2.py3-none-any.whl/packaging/requirements.py", line 97, in __init__
    requirement_string[e.loc:e.loc + 8]))
pip._vendor.packaging.requirements.InvalidRequirement: Invalid requirement, parse error at "'–r'"

